Archive member included to satisfy reference by file (symbol)

.pio\build\uno_r4_wifi\lib1ab\libAccelStepper.a(AccelStepper.cpp.o)
                              .pio\build\uno_r4_wifi\src\main.cpp.o (AccelStepper::moveTo(long))
.pio\build\uno_r4_wifi\libFrameworkArduinoVariant.a(main.c.o)
                              c:/users/caden kraft/.platformio/packages/toolchain-gccarmnoneeabi/bin/../lib/gcc/arm-none-eabi/7.2.1/../../../../arm-none-eabi/lib/thumb/v7e-m/fpv4-sp/hard/crt0.o (main)
.pio\build\uno_r4_wifi\libFrameworkArduino.a(Serial.cpp.o)
                              .pio\build\uno_r4_wifi\src\main.cpp.o (UART::begin(unsigned long))
.pio\build\uno_r4_wifi\libFrameworkArduino.a(SerialObj1.cpp.o)
                              .pio\build\uno_r4_wifi\src\main.cpp.o (_UART1_)
.pio\build\uno_r4_wifi\libFrameworkArduino.a(Print.cpp.o)
                              .pio\build\uno_r4_wifi\libFrameworkArduino.a(Serial.cpp.o) (arduino::Print::write(unsigned char const*, unsigned int))
.pio\build\uno_r4_wifi\libFrameworkArduino.a(digital.cpp.o)
                              .pio\build\uno_r4_wifi\src\main.cpp.o (pinMode)
.pio\build\uno_r4_wifi\libFrameworkArduino.a(main.cpp.o)
                              .pio\build\uno_r4_wifi\libFrameworkArduinoVariant.a(main.c.o) (hal_entry)
.pio\build\uno_r4_wifi\libFrameworkArduino.a(time.cpp.o)
                              .pio\build\uno_r4_wifi\src\main.cpp.o (delayMicroseconds)
.pio\build\uno_r4_wifi\libFrameworkArduino.a(variant_helper.cpp.o)
                              .pio\build\uno_r4_wifi\libFrameworkArduino.a(Serial.cpp.o) (getPinCfgs(unsigned char, PinCfgReq_t))
.pio\build\uno_r4_wifi\libFrameworkArduino.a(vector_table.c.o)
                              .pio\build\uno_r4_wifi\libFrameworkArduino.a(main.cpp.o) (g_vector_table)
.pio\build\uno_r4_wifi\libFrameworkArduino.a(FspTimer.cpp.o)
                              .pio\build\uno_r4_wifi\libFrameworkArduino.a(time.cpp.o) (FspTimer::FspTimer())
.pio\build\uno_r4_wifi\libFrameworkArduino.a(IRQManager.cpp.o)
                              .pio\build\uno_r4_wifi\libFrameworkArduino.a(Serial.cpp.o) (IRQManager::getInstance())
.pio\build\uno_r4_wifi\libFrameworkArduino.a(analog.cpp.o)
                              .pio\build\uno_r4_wifi\libFrameworkArduino.a(main.cpp.o) (analogReference())
.pio\build\uno_r4_wifi\libFrameworkArduino.a(Common.cpp.o)
                              .pio\build\uno_r4_wifi\libFrameworkArduino.a(analog.cpp.o) (map(long, long, long, long, long))
.pio\build\uno_r4_wifi\libFrameworkArduino.a(cm_backtrace.c.o)
                              .pio\build\uno_r4_wifi\libFrameworkArduino.a(main.cpp.o) (cm_backtrace_init)
.pio\build\uno_r4_wifi\libFrameworkArduino.a(cortex_handlers.c.o)
                              .pio\build\uno_r4_wifi\libFrameworkArduino.a(main.cpp.o) (Stacktrace_Handler)
.pio\build\uno_r4_wifi\libFrameworkArduino.a(dac.cpp.o)
                              .pio\build\uno_r4_wifi\libFrameworkArduino.a(analog.cpp.o) (CDac::analogWrite(int))
.pio\build\uno_r4_wifi\libFrameworkArduino.a(pinDefinitions.cpp.o)
                              .pio\build\uno_r4_wifi\libFrameworkArduino.a(analog.cpp.o) (pinPeripheral(e_bsp_io_port_pin_t, unsigned long))
.pio\build\uno_r4_wifi\libFrameworkArduino.a(pwm.cpp.o)
                              .pio\build\uno_r4_wifi\libFrameworkArduino.a(analog.cpp.o) (PwmOut::PwmOut(int))
C:\Users\Caden Kraft\.platformio\packages\framework-arduinorenesas-uno\variants\UNOWIFIR4\libs\libfsp.a(r_spi.o)
                              .pio\build\uno_r4_wifi\libFrameworkArduino.a(IRQManager.cpp.o) (spi_rxi_isr)
C:\Users\Caden Kraft\.platformio\packages\framework-arduinorenesas-uno\variants\UNOWIFIR4\libs\libfsp.a(r_sci_uart.o)
                              .pio\build\uno_r4_wifi\libFrameworkArduino.a(Serial.cpp.o) (R_SCI_UART_Write)
C:\Users\Caden Kraft\.platformio\packages\framework-arduinorenesas-uno\variants\UNOWIFIR4\libs\libfsp.a(r_sci_spi.o)
                              .pio\build\uno_r4_wifi\libFrameworkArduino.a(IRQManager.cpp.o) (sci_spi_txi_isr)
C:\Users\Caden Kraft\.platformio\packages\framework-arduinorenesas-uno\variants\UNOWIFIR4\libs\libfsp.a(r_sci_i2c.o)
                              .pio\build\uno_r4_wifi\libFrameworkArduino.a(IRQManager.cpp.o) (sci_i2c_rxi_isr)
C:\Users\Caden Kraft\.platformio\packages\framework-arduinorenesas-uno\variants\UNOWIFIR4\libs\libfsp.a(r_rtc.o)
                              .pio\build\uno_r4_wifi\libFrameworkArduino.a(IRQManager.cpp.o) (rtc_alarm_periodic_isr)
C:\Users\Caden Kraft\.platformio\packages\framework-arduinorenesas-uno\variants\UNOWIFIR4\libs\libfsp.a(r_ioport.o)
                              .pio\build\uno_r4_wifi\libFrameworkArduino.a(digital.cpp.o) (R_IOPORT_PinRead)
C:\Users\Caden Kraft\.platformio\packages\framework-arduinorenesas-uno\variants\UNOWIFIR4\libs\libfsp.a(r_iic_slave.o)
                              .pio\build\uno_r4_wifi\libFrameworkArduino.a(IRQManager.cpp.o) (iic_slave_rxi_isr)
[...]
Memory Configuration

Name             Origin             Length             Attributes
FLASH            0x00004000         0x0003c000         xr
RAM              0x20000000         0x00008000         xrw
DATA_FLASH       0x40100000         0x00002000         xr
OPTION_SETTING   0x00000000         0x00000000         r
OPTION_SETTING_S 0x00000000         0x00000000         r
ID_CODE          0x01010018         0x00000020         xr
*default*        0x00000000         0xffffffff

Linker script and memory map

LOAD c:/users/caden kraft/.platformio/packages/toolchain-gccarmnoneeabi/bin/../lib/gcc/arm-none-eabi/7.2.1/thumb/v7e-m/fpv4-sp/hard/crti.o
LOAD c:/users/caden kraft/.platformio/packages/toolchain-gccarmnoneeabi/bin/../lib/gcc/arm-none-eabi/7.2.1/thumb/v7e-m/fpv4-sp/hard/crtbegin.o
LOAD c:/users/caden kraft/.platformio/packages/toolchain-gccarmnoneeabi/bin/../lib/gcc/arm-none-eabi/7.2.1/../../../../arm-none-eabi/lib/thumb/v7e-m/fpv4-sp/hard/crt0.o
LOAD .pio\build\uno_r4_wifi\src\main.cpp.o
START GROUP
LOAD .pio\build\uno_r4_wifi\lib1ab\libAccelStepper.a
LOAD .pio\build\uno_r4_wifi\libFrameworkArduinoVariant.a
LOAD .pio\build\uno_r4_wifi\libFrameworkArduino.a
LOAD C:\Users\Caden Kraft\.platformio\packages\framework-arduinorenesas-uno\variants\UNOWIFIR4\libs\libfsp.a
LOAD c:/users/caden kraft/.platformio/packages/toolchain-gccarmnoneeabi/bin/../lib/gcc/arm-none-eabi/7.2.1/../../../../arm-none-eabi/lib/thumb/v7e-m/fpv4-sp/hard\libstdc++_nano.a
LOAD c:/users/caden kraft/.platformio/packages/toolchain-gccarmnoneeabi/bin/../lib/gcc/arm-none-eabi/7.2.1/../../../../arm-none-eabi/lib/thumb/v7e-m/fpv4-sp/hard\libsupc++_nano.a
LOAD c:/users/caden kraft/.platformio/packages/toolchain-gccarmnoneeabi/bin/../lib/gcc/arm-none-eabi/7.2.1/thumb/v7e-m/fpv4-sp/hard\libgcc.a
LOAD c:/users/caden kraft/.platformio/packages/toolchain-gccarmnoneeabi/bin/../lib/gcc/arm-none-eabi/7.2.1/../../../../arm-none-eabi/lib/thumb/v7e-m/fpv4-sp/hard\libnosys.a
END GROUP
LOAD c:/users/caden kraft/.platformio/packages/toolchain-gccarmnoneeabi/bin/../lib/gcc/arm-none-eabi/7.2.1/../../../../arm-none-eabi/lib/thumb/v7e-m/fpv4-sp/hard\libstdc++_nano.a
LOAD c:/users/caden kraft/.platformio/packages/toolchain-gccarmnoneeabi/bin/../lib/gcc/arm-none-eabi/7.2.1/../../../../arm-none-eabi/lib/thumb/v7e-m/fpv4-sp/hard\libm.a
LOAD c:/users/caden kraft/.platformio/packages/toolchain-gccarmnoneeabi/bin/../lib/gcc/arm-none-eabi/7.2.1/../../../../arm-none-eabi/lib/thumb/v7e-m/fpv4-sp/hard\libc_nano.a
START GROUP
LOAD c:/users/caden kraft/.platformio/packages/toolchain-gccarmnoneeabi/bin/../lib/gcc/arm-none-eabi/7.2.1/thumb/v7e-m/fpv4-sp/hard\libgcc.a
LOAD c:/users/caden kraft/.platformio/packages/toolchain-gccarmnoneeabi/bin/../lib/gcc/arm-none-eabi/7.2.1/../../../../arm-none-eabi/lib/thumb/v7e-m/fpv4-sp/hard\libc_nano.a
END GROUP
START GROUP
LOAD c:/users/caden kraft/.platformio/packages/toolchain-gccarmnoneeabi/bin/../lib/gcc/arm-none-eabi/7.2.1/thumb/v7e-m/fpv4-sp/hard\libgcc.a
LOAD c:/users/caden kraft/.platformio/packages/toolchain-gccarmnoneeabi/bin/../lib/gcc/arm-none-eabi/7.2.1/../../../../arm-none-eabi/lib/thumb/v7e-m/fpv4-sp/hard\libc_nano.a
LOAD c:/users/caden kraft/.platformio/packages/toolchain-gccarmnoneeabi/bin/../lib/gcc/arm-none-eabi/7.2.1/../../../../arm-none-eabi/lib/thumb/v7e-m/fpv4-sp/hard\libnosys.a
END GROUP
START GROUP
LOAD c:/users/caden kraft/.platformio/packages/toolchain-gccarmnoneeabi/bin/../lib/gcc/arm-none-eabi/7.2.1/thumb/v7e-m/fpv4-sp/hard\libgcc.a
LOAD c:/users/caden kraft/.platformio/packages/toolchain-gccarmnoneeabi/bin/../lib/gcc/arm-none-eabi/7.2.1/../../../../arm-none-eabi/lib/thumb/v7e-m/fpv4-sp/hard\libc_nano.a
LOAD c:/users/caden kraft/.platformio/packages/toolchain-gccarmnoneeabi/bin/../lib/gcc/arm-none-eabi/7.2.1/../../../../arm-none-eabi/lib/thumb/v7e-m/fpv4-sp/hard\libnosys.a
END GROUP
LOAD c:/users/caden kraft/.platformio/packages/toolchain-gccarmnoneeabi/bin/../lib/gcc/arm-none-eabi/7.2.1/thumb/v7e-m/fpv4-sp/hard/crtend.o
LOAD c:/users/caden kraft/.platformio/packages/toolchain-gccarmnoneeabi/bin/../lib/gcc/arm-none-eabi/7.2.1/thumb/v7e-m/fpv4-sp/hard/crtn.o
                0x20000000                RAM_START = 0x20000000
                0x00008000                RAM_LENGTH = 0x8000
                0x00000000                FLASH_START = 0x0
                0x00040000                FLASH_LENGTH = 0x40000
                0x40100000                DATA_FLASH_START = 0x40100000
                0x00002000                DATA_FLASH_LENGTH = 0x2000
                0x00000000                OPTION_SETTING_START = 0x0
                0x00000000                OPTION_SETTING_LENGTH = 0x0
                0x00000000                OPTION_SETTING_S_START = 0x0
                0x00000000                OPTION_SETTING_S_LENGTH = 0x0
                0x01010018                ID_CODE_START = 0x1010018
                0x00000020                ID_CODE_LENGTH = 0x20
                0x90000000                SDRAM_START = 0x90000000
                0x00000000                SDRAM_LENGTH = 0x0
                0x60000000                QSPI_FLASH_START = 0x60000000
                0x00000000                QSPI_FLASH_LENGTH = 0x0
                0x68000000                OSPI_DEVICE_0_START = 0x68000000
                0x00000000                OSPI_DEVICE_0_LENGTH = 0x0
                0x70000000                OSPI_DEVICE_1_START = 0x70000000
                0x00000000                OSPI_DEVICE_1_LENGTH = 0x0
                0x00004000                FLASH_IMAGE_START = 0x4000
                0x00000100                VECTOR_TABLE_LENGTH = 0x100
                0x00000400                BSP_CFG_STACK_MAIN_BYTES = 0x400
START GROUP
LOAD c:/users/caden kraft/.platformio/packages/toolchain-gccarmnoneeabi/bin/../lib/gcc/arm-none-eabi/7.2.1/thumb/v7e-m/fpv4-sp/hard\libgcc.a
LOAD c:/users/caden kraft/.platformio/packages/toolchain-gccarmnoneeabi/bin/../lib/gcc/arm-none-eabi/7.2.1/../../../../arm-none-eabi/lib/thumb/v7e-m/fpv4-sp/hard\libc.a
LOAD c:/users/caden kraft/.platformio/packages/toolchain-gccarmnoneeabi/bin/../lib/gcc/arm-none-eabi/7.2.1/../../../../arm-none-eabi/lib/thumb/v7e-m/fpv4-sp/hard\libm.a
LOAD c:/users/caden kraft/.platformio/packages/toolchain-gccarmnoneeabi/bin/../lib/gcc/arm-none-eabi/7.2.1/../../../../arm-none-eabi/lib/thumb/v7e-m/fpv4-sp/hard\libnosys.a
END GROUP

.text           0x00004000     0xa448
                0x00000000                __tz_FLASH_S = ABSOLUTE (FLASH_START)
                0x00004000                __ROM_Start = .
 *(.sketch_boot)
                0x00004000                . = ALIGN (0x800)
 *(.fixed_vectors*)
 .fixed_vectors
                0x00004000       0x40 C:\Users\Caden Kraft\.platformio\packages\framework-arduinorenesas-uno\variants\UNOWIFIR4\libs\libfsp.a(startup.o)
                0x00004000                __Vectors
 *(.application_vectors*)
 .application_vectors
                0x00004040       0x80 .pio\build\uno_r4_wifi\libFrameworkArduino.a(vector_table.c.o)
                0x00004040                g_vector_table
                0x000040c0                __Vectors_End = .
 *(.text*)
 .text          0x000040c0       0x40 c:/users/caden kraft/.platformio/packages/toolchain-gccarmnoneeabi/bin/../lib/gcc/arm-none-eabi/7.2.1/thumb/v7e-m/fpv4-sp/hard/crtbegin.o
 .text._Z11isAngleSafeff
                0x00004100       0x54 .pio\build\uno_r4_wifi\src\main.cpp.o
                0x00004100                isAngleSafe(float, float)
 .text._Z19endEffectorMovementff
                0x00004154       0x30 .pio\build\uno_r4_wifi\src\main.cpp.o
                0x00004154                endEffectorMovement(float, float)
 .text._Z21coordinatedMotor1Movev
                0x00004184       0x78 .pio\build\uno_r4_wifi\src\main.cpp.o
                0x00004184                coordinatedMotor1Move()
 .text._Z21coordinatedMotor2Movev
                0x000041fc       0x78 .pio\build\uno_r4_wifi\src\main.cpp.o
                0x000041fc                coordinatedMotor2Move()
 .text._Z21coordinatedMotor3Movev
                0x00004274       0x78 .pio\build\uno_r4_wifi\src\main.cpp.o
                0x00004274                coordinatedMotor3Move()
 .text._Z21coordinatedMotor4Movev
                0x000042ec       0x78 .pio\build\uno_r4_wifi\src\main.cpp.o
                0x000042ec                coordinatedMotor4Move()
 *fill*         0x00004364        0x4 ff
 .text._Z12moveToAnglesffff
                0x00004368      0x63c .pio\build\uno_r4_wifi\src\main.cpp.o
                0x00004368                moveToAngles(float, float, float, float)
 .text._Z4homev
                0x000049a4      0x39c .pio\build\uno_r4_wifi\src\main.cpp.o
                0x000049a4                home()
 .text.loop     0x00004d40       0xd0 .pio\build\uno_r4_wifi\src\main.cpp.o
                0x00004d40                loop
 .text.startup._GLOBAL__sub_I__Z11isAngleSafeff
                0x00004e10       0x64 .pio\build\uno_r4_wifi\src\main.cpp.o
 .text.setup    0x00004e74      0x100 .pio\build\uno_r4_wifi\src\main.cpp.o
                0x00004e74                setup
 .text._ZN12AccelStepperD2Ev
                0x00004f74        0x2 .pio\build\uno_r4_wifi\lib1ab\libAccelStepper.a(AccelStepper.cpp.o)
                0x00004f74                AccelStepper::~AccelStepper()
                0x00004f74                AccelStepper::~AccelStepper()
 *fill*         0x00004f76        0x2 ff
 .text._ZN12AccelStepper15computeNewSpeedEv
                0x00004f78      0x158 .pio\build\uno_r4_wifi\lib1ab\libAccelStepper.a(AccelStepper.cpp.o)
                0x00004f78                AccelStepper::computeNewSpeed()
 .text._ZN12AccelStepper4stepEl
                0x000050d0       0x40 .pio\build\uno_r4_wifi\lib1ab\libAccelStepper.a(AccelStepper.cpp.o)
                0x000050d0                AccelStepper::step(long)
 .text._ZN12AccelStepper5step6El
                0x00005110       0x4a .pio\build\uno_r4_wifi\lib1ab\libAccelStepper.a(AccelStepper.cpp.o)
                0x00005110                AccelStepper::step6(long)
 .text._ZN12AccelStepper5step8El
                0x0000515a       0x3a .pio\build\uno_r4_wifi\lib1ab\libAccelStepper.a(AccelStepper.cpp.o)
                0x0000515a                AccelStepper::step8(long)
 .text._ZN12AccelStepper13setOutputPinsEh
                0x00005194       0x44 .pio\build\uno_r4_wifi\lib1ab\libAccelStepper.a(AccelStepper.cpp.o)
                0x00005194                AccelStepper::setOutputPins(unsigned char)
 .text._ZN12AccelStepper5step1El
                0x000051d8       0x42 .pio\build\uno_r4_wifi\lib1ab\libAccelStepper.a(AccelStepper.cpp.o)
                0x000051d8                AccelStepper::step1(long)
 .text._ZN12AccelStepperD0Ev
                0x0000521a        0xe .pio\build\uno_r4_wifi\lib1ab\libAccelStepper.a(AccelStepper.cpp.o)
                0x0000521a                AccelStepper::~AccelStepper()
 .text._ZN12AccelStepper5step0El
                0x00005228       0x14 .pio\build\uno_r4_wifi\lib1ab\libAccelStepper.a(AccelStepper.cpp.o)
                0x00005228                AccelStepper::step0(long)
 .text._ZN12AccelStepper5step2El
                0x0000523c       0x22 .pio\build\uno_r4_wifi\lib1ab\libAccelStepper.a(AccelStepper.cpp.o)
                0x0000523c                AccelStepper::step2(long)
 .text._ZN12AccelStepper5step3El
                0x0000525e       0x28 .pio\build\uno_r4_wifi\lib1ab\libAccelStepper.a(AccelStepper.cpp.o)
                0x0000525e                AccelStepper::step3(long)
 .text._ZN12AccelStepper5step4El
                0x00005286       0x22 .pio\build\uno_r4_wifi\lib1ab\libAccelStepper.a(AccelStepper.cpp.o)
                0x00005286                AccelStepper::step4(long)
 .text._ZN12AccelStepper14disableOutputsEv
                0x000052a8       0x30 .pio\build\uno_r4_wifi\lib1ab\libAccelStepper.a(AccelStepper.cpp.o)
                0x000052a8                AccelStepper::disableOutputs()
 .text._ZN12AccelStepper13enableOutputsEv
                0x000052d8       0x64 .pio\build\uno_r4_wifi\lib1ab\libAccelStepper.a(AccelStepper.cpp.o)
                0x000052d8                AccelStepper::enableOutputs()
 *fill*         0x0000533c        0x4 ff
 .text._ZN12AccelStepper15setAccelerationEf.part.10
                0x00005340       0xa8 .pio\build\uno_r4_wifi\lib1ab\libAccelStepper.a(AccelStepper.cpp.o)
 .text._ZN12AccelStepper6moveToEl
                0x000053e8       0x10 .pio\build\uno_r4_wifi\lib1ab\libAccelStepper.a(AccelStepper.cpp.o)
                0x000053e8                AccelStepper::moveTo(long)
 .text._ZN12AccelStepper4moveEl
                0x000053f8        0x8 .pio\build\uno_r4_wifi\lib1ab\libAccelStepper.a(AccelStepper.cpp.o)
                0x000053f8                AccelStepper::move(long)
 .text._ZN12AccelStepper8runSpeedEv
                0x00005400       0x3a .pio\build\uno_r4_wifi\lib1ab\libAccelStepper.a(AccelStepper.cpp.o)
                0x00005400                AccelStepper::runSpeed()
 .text._ZN12AccelStepper12distanceToGoEv
                0x0000543a        0x8 .pio\build\uno_r4_wifi\lib1ab\libAccelStepper.a(AccelStepper.cpp.o)
                0x0000543a                AccelStepper::distanceToGo()
 .text._ZN12AccelStepper15currentPositionEv
                0x00005442        0x4 .pio\build\uno_r4_wifi\lib1ab\libAccelStepper.a(AccelStepper.cpp.o)
                0x00005442                AccelStepper::currentPosition()
 .text._ZN12AccelStepper18setCurrentPositionEl
                0x00005446       0x10 .pio\build\uno_r4_wifi\lib1ab\libAccelStepper.a(AccelStepper.cpp.o)
                0x00005446                AccelStepper::setCurrentPosition(long)
 .text._ZN12AccelStepper3runEv
                0x00005456       0x30 .pio\build\uno_r4_wifi\lib1ab\libAccelStepper.a(AccelStepper.cpp.o)
                0x00005456                AccelStepper::run()
 *fill*         0x00005486        0x2 ff
 .text._ZN12AccelStepper11setMaxSpeedEf
                0x00005488       0x7c .pio\build\uno_r4_wifi\lib1ab\libAccelStepper.a(AccelStepper.cpp.o)
                0x00005488                AccelStepper::setMaxSpeed(float)
 .text._ZN12AccelStepperC2Ehhhhhb
                0x00005504       0x80 .pio\build\uno_r4_wifi\lib1ab\libAccelStepper.a(AccelStepper.cpp.o)
                0x00005504                AccelStepper::AccelStepper(unsigned char, unsigned char, unsigned char, unsigned char, unsigned char, bool)
                0x00005504                AccelStepper::AccelStepper(unsigned char, unsigned char, unsigned char, unsigned char, unsigned char, bool)
 .text._ZN12AccelStepper15setAccelerationEf
                0x00005584       0x10 .pio\build\uno_r4_wifi\lib1ab\libAccelStepper.a(AccelStepper.cpp.o)
                0x00005584                AccelStepper::setAcceleration(float)
 *fill*         0x00005594        0x4 ff
 .text._ZN12AccelStepper8setSpeedEf
                0x00005598       0x98 .pio\build\uno_r4_wifi\lib1ab\libAccelStepper.a(AccelStepper.cpp.o)
                0x00005598                AccelStepper::setSpeed(float)
 .text._ZN12AccelStepper4stopEv
                0x00005630       0x66 .pio\build\uno_r4_wifi\lib1ab\libAccelStepper.a(AccelStepper.cpp.o)
                0x00005630                AccelStepper::stop()
 .text.startup.main
                0x00005696        0xa .pio\build\uno_r4_wifi\libFrameworkArduinoVariant.a(main.c.o)
                0x00005696                main
 .text._ZN7arduino5Print17availableForWriteEv
                0x000056a0        0x4 .pio\build\uno_r4_wifi\libFrameworkArduino.a(Serial.cpp.o)
                0x000056a0                arduino::Print::availableForWrite()
 .text._ZN4UARTcvbEv
                0x000056a4        0x4 .pio\build\uno_r4_wifi\libFrameworkArduino.a(Serial.cpp.o)
                0x000056a4                UART::operator bool()
 .text._ZN4UART5beginEm
                0x000056a8        0xa .pio\build\uno_r4_wifi\libFrameworkArduino.a(Serial.cpp.o)
                0x000056a8                UART::begin(unsigned long)
 .text._ZN4UART5flushEv
                0x000056b2        0xa .pio\build\uno_r4_wifi\libFrameworkArduino.a(Serial.cpp.o)
                0x000056b2                UART::flush()
 .text._ZN4UART4peekEv
                0x000056bc       0x18 .pio\build\uno_r4_wifi\libFrameworkArduino.a(Serial.cpp.o)
                0x000056bc                UART::peek()
 .text._ZN4UART5writeEh
                0x000056d4       0x34 .pio\build\uno_r4_wifi\libFrameworkArduino.a(Serial.cpp.o)
                0x000056d4                UART::write(unsigned char)
 .text._ZN4UART3endEv
                0x00005708       0x22 .pio\build\uno_r4_wifi\libFrameworkArduino.a(Serial.cpp.o)
                0x00005708                UART::end()
 .text._ZN7__GuardD2Ev
                0x0000572a        0xc .pio\build\uno_r4_wifi\libFrameworkArduino.a(Serial.cpp.o)
                0x0000572a                __Guard::~__Guard()
                0x0000572a                __Guard::~__Guard()
 .text._ZN4UART9availableEv
                0x00005736       0x32 .pio\build\uno_r4_wifi\libFrameworkArduino.a(Serial.cpp.o)
                0x00005736                UART::available()
 .text._ZN4UART15WrapperCallbackEP20st_uart_callback_arg
                0x00005768       0x90 .pio\build\uno_r4_wifi\libFrameworkArduino.a(Serial.cpp.o)
                0x00005768                UART::WrapperCallback(st_uart_callback_arg*)
 .text._ZN4UART4readEv
                0x000057f8       0x5c .pio\build\uno_r4_wifi\libFrameworkArduino.a(Serial.cpp.o)
                0x000057f8                UART::read()
 .text._ZN4UARTC2Eiiii
                0x00005854       0x78 .pio\build\uno_r4_wifi\libFrameworkArduino.a(Serial.cpp.o)
                0x00005854                UART::UART(int, int, int, int)
                0x00005854                UART::UART(int, int, int, int)
 .text._ZN4UART13setUpUartIrqsER11st_uart_cfg
                0x000058cc       0x14 .pio\build\uno_r4_wifi\libFrameworkArduino.a(Serial.cpp.o)
                0x000058cc                UART::setUpUartIrqs(st_uart_cfg&)
 .text._ZN4UART8cfg_pinsEi
                0x000058e0       0xe8 .pio\build\uno_r4_wifi\libFrameworkArduino.a(Serial.cpp.o)
                0x000058e0                UART::cfg_pins(int)
 .text._ZN4UART5beginEmt
                0x000059c8      0x1a8 .pio\build\uno_r4_wifi\libFrameworkArduino.a(Serial.cpp.o)
                0x000059c8                UART::begin(unsigned long, unsigned short)
 .text._ZN4UART9write_rawEPhj
                0x00005b70       0x1e .pio\build\uno_r4_wifi\libFrameworkArduino.a(Serial.cpp.o)
                0x00005b70                UART::write_raw(unsigned char*, unsigned int)
 *fill*         0x00005b8e        0x2 ff
 .text.startup._GLOBAL__sub_I__UART1_
                0x00005b90       0x1c .pio\build\uno_r4_wifi\libFrameworkArduino.a(SerialObj1.cpp.o)
 .text._ZN7arduino5Print5writeEPKhj
                0x00005bac       0x2c .pio\build\uno_r4_wifi\libFrameworkArduino.a(Print.cpp.o)
                0x00005bac                arduino::Print::write(unsigned char const*, unsigned int)
 .text._ZN7arduino5Print5writeEPKc.part.2
                0x00005bd8       0x1e .pio\build\uno_r4_wifi\libFrameworkArduino.a(Print.cpp.o)
 .text._ZN7arduino5Print5writeEPKc
                0x00005bf6        0xa .pio\build\uno_r4_wifi\libFrameworkArduino.a(Print.cpp.o)
                0x00005bf6                arduino::Print::write(char const*)
 .text._ZN7arduino5Print5printEPKc
                0x00005c00        0x8 .pio\build\uno_r4_wifi\libFrameworkArduino.a(Print.cpp.o)
                0x00005c00                arduino::Print::print(char const*)
 .text._ZN7arduino5Print5printEc
                0x00005c08        0x8 .pio\build\uno_r4_wifi\libFrameworkArduino.a(Print.cpp.o)
                0x00005c08                arduino::Print::print(char)
 .text._ZN7arduino5Print7printlnEv
                0x00005c10        0xc .pio\build\uno_r4_wifi\libFrameworkArduino.a(Print.cpp.o)
                0x00005c10                arduino::Print::println()
 .text._ZN7arduino5Print7printlnEPKc
                0x00005c1c       0x14 .pio\build\uno_r4_wifi\libFrameworkArduino.a(Print.cpp.o)
                0x00005c1c                arduino::Print::println(char const*)
 .text._ZN7arduino5Print11printNumberEmh
                0x00005c30       0x3c .pio\build\uno_r4_wifi\libFrameworkArduino.a(Print.cpp.o)
                0x00005c30                arduino::Print::printNumber(unsigned long, unsigned char)
 .text._ZN7arduino5Print5printEli
                0x00005c6c       0x44 .pio\build\uno_r4_wifi\libFrameworkArduino.a(Print.cpp.o)
                0x00005c6c                arduino::Print::print(long, int)
 .text._ZN7arduino5Print7printlnEii
                0x00005cb0       0x14 .pio\build\uno_r4_wifi\libFrameworkArduino.a(Print.cpp.o)
                0x00005cb0                arduino::Print::println(int, int)
 .text.pinMode  0x00005cc4       0x30 .pio\build\uno_r4_wifi\libFrameworkArduino.a(digital.cpp.o)
                0x00005cc4                pinMode
 .text.digitalWrite
                0x00005cf4       0x18 .pio\build\uno_r4_wifi\libFrameworkArduino.a(digital.cpp.o)
                0x00005cf4                digitalWrite
 .text.digitalRead
                0x00005d0c       0x28 .pio\build\uno_r4_wifi\libFrameworkArduino.a(digital.cpp.o)
                0x00005d0c                digitalRead
 .text.R_BSP_PinAccessEnable
                0x00005d34       0x2c .pio\build\uno_r4_wifi\libFrameworkArduino.a(main.cpp.o)
 .text._Z12arduino_mainv
                0x00005d60       0x8c .pio\build\uno_r4_wifi\libFrameworkArduino.a(main.cpp.o)
                0x00005d60                arduino_main()
 .text._write   0x00005dec        0xc .pio\build\uno_r4_wifi\libFrameworkArduino.a(main.cpp.o)
                0x00005dec                _write
 .text.hal_entry
                0x00005df8        0x6 .pio\build\uno_r4_wifi\libFrameworkArduino.a(main.cpp.o)
                0x00005df8                hal_entry
 .text.atexit   0x00005dfe        0x4 .pio\build\uno_r4_wifi\libFrameworkArduino.a(main.cpp.o)
                0x00005dfe                atexit
 *fill*         0x00005e02        0x2 ff
 .text._ZL21timer_micros_callbackP22st_timer_callback_args
                0x00005e04       0x10 .pio\build\uno_r4_wifi\libFrameworkArduino.a(time.cpp.o)
 .text.delayMicroseconds
                0x00005e14        0x6 .pio\build\uno_r4_wifi\libFrameworkArduino.a(time.cpp.o)
                0x00005e14                delayMicroseconds
 .text.yield    0x00005e1a        0x2 .pio\build\uno_r4_wifi\libFrameworkArduino.a(time.cpp.o)
                0x00005e1a                yield
 .text.delay    0x00005e1c       0x1c .pio\build\uno_r4_wifi\libFrameworkArduino.a(time.cpp.o)
                0x00005e1c                delay
 .text._Z8startAgtv
                0x00005e38       0x6c .pio\build\uno_r4_wifi\libFrameworkArduino.a(time.cpp.o)
                0x00005e38                startAgt()
 .text.micros   0x00005ea4       0x84 .pio\build\uno_r4_wifi\libFrameworkArduino.a(time.cpp.o)
                0x00005ea4                micros
 .text.startup._GLOBAL__sub_I_delayMicroseconds
                0x00005f28        0xc .pio\build\uno_r4_wifi\libFrameworkArduino.a(time.cpp.o)
 .text.exit._GLOBAL__sub_D_delayMicroseconds
                0x00005f34        0xc .pio\build\uno_r4_wifi\libFrameworkArduino.a(time.cpp.o)
 .text._Z10getPinCfgsh11PinCfgReq_t
                0x00005f40       0xe0 .pio\build\uno_r4_wifi\libFrameworkArduino.a(variant_helper.cpp.o)
                0x00005f40                getPinCfgs(unsigned char, PinCfgReq_t)
 .text._ZN8FspTimerC2Ev
                0x00006020       0x18 .pio\build\uno_r4_wifi\libFrameworkArduino.a(FspTimer.cpp.o)
                0x00006020                FspTimer::FspTimer()
                0x00006020                FspTimer::FspTimer()
 .text._ZN8FspTimer5beginE12e_timer_modehhmm18e_timer_source_divPFvP22st_timer_callback_argsEPv
                0x00006038      0x16c .pio\build\uno_r4_wifi\libFrameworkArduino.a(FspTimer.cpp.o)
                0x00006038                FspTimer::begin(e_timer_mode, unsigned char, unsigned char, unsigned long, unsigned long, e_timer_source_div, void (*)(st_timer_callback_args*), void*)
 .text._ZN8FspTimer4openEv
                0x000061a4       0x4e .pio\build\uno_r4_wifi\libFrameworkArduino.a(FspTimer.cpp.o)
                0x000061a4                FspTimer::open()
 .text._ZN8FspTimer5startEv
                0x000061f2       0x2e .pio\build\uno_r4_wifi\libFrameworkArduino.a(FspTimer.cpp.o)
                0x000061f2                FspTimer::start()
 .text._ZN8FspTimer5closeEv
                0x00006220       0x2e .pio\build\uno_r4_wifi\libFrameworkArduino.a(FspTimer.cpp.o)
                0x00006220                FspTimer::close()
 *fill*         0x0000624e        0x2 ff
 .text._ZN8FspTimer3endEv
                0x00006250       0x48 .pio\build\uno_r4_wifi\libFrameworkArduino.a(FspTimer.cpp.o)
                0x00006250                FspTimer::end()
 .text._ZN8FspTimerD2Ev
                0x00006298        0xc .pio\build\uno_r4_wifi\libFrameworkArduino.a(FspTimer.cpp.o)
                0x00006298                FspTimer::~FspTimer()
                0x00006298                FspTimer::~FspTimer()
 .text._ZN8FspTimer15get_cfg_for_irqEv
                0x000062a4       0x14 .pio\build\uno_r4_wifi\libFrameworkArduino.a(FspTimer.cpp.o)
                0x000062a4                FspTimer::get_cfg_for_irq()
 .text._ZN8FspTimer9is_openedEv
                0x000062b8       0x18 .pio\build\uno_r4_wifi\libFrameworkArduino.a(FspTimer.cpp.o)
                0x000062b8                FspTimer::is_opened()
 .text._ZN8FspTimer18setup_overflow_irqEhPFvvE
                0x000062d0       0x4e .pio\build\uno_r4_wifi\libFrameworkArduino.a(FspTimer.cpp.o)
                0x000062d0                FspTimer::setup_overflow_irq(unsigned char, void (*)())
 *fill*         0x0000631e        0x2 ff
 .text.__NVIC_SetPriority
                0x00006320       0x28 .pio\build\uno_r4_wifi\libFrameworkArduino.a(IRQManager.cpp.o)
 .text.R_BSP_IrqEnable
                0x00006348       0x34 .pio\build\uno_r4_wifi\libFrameworkArduino.a(IRQManager.cpp.o)
 .text.R_BSP_IrqDisable
                0x0000637c       0x24 .pio\build\uno_r4_wifi\libFrameworkArduino.a(IRQManager.cpp.o)
 .text.__tcf_0  0x000063a0        0x2 .pio\build\uno_r4_wifi\libFrameworkArduino.a(IRQManager.cpp.o)
 *fill*         0x000063a2        0x2 ff
 .text._ZN10IRQManager11getInstanceEv
                0x000063a4       0x38 .pio\build\uno_r4_wifi\libFrameworkArduino.a(IRQManager.cpp.o)
                0x000063a4                IRQManager::getInstance()
 .text._ZN10IRQManager18set_ext_link_eventEii
                0x000063dc       0xc8 .pio\build\uno_r4_wifi\libFrameworkArduino.a(IRQManager.cpp.o)
                0x000063dc                IRQManager::set_ext_link_event(int, int)
 .text._ZN10IRQManager23set_gpt_over_link_eventEii
                0x000064a4       0x70 .pio\build\uno_r4_wifi\libFrameworkArduino.a(IRQManager.cpp.o)
                0x000064a4                IRQManager::set_gpt_over_link_event(int, int)
 .text._ZN10IRQManager18set_agt_link_eventEii
                0x00006514       0x28 .pio\build\uno_r4_wifi\libFrameworkArduino.a(IRQManager.cpp.o)
                0x00006514                IRQManager::set_agt_link_event(int, int)
 .text._ZN10IRQManager16addTimerOverflowER5timerPFvvE
                0x0000653c       0x80 .pio\build\uno_r4_wifi\libFrameworkArduino.a(IRQManager.cpp.o)
                0x0000653c                IRQManager::addTimerOverflow(timer&, void (*)())
 .text._ZN10IRQManager21set_iic_tx_link_eventEii
                0x000065bc       0x20 .pio\build\uno_r4_wifi\libFrameworkArduino.a(IRQManager.cpp.o)
                0x000065bc                IRQManager::set_iic_tx_link_event(int, int)
 .text._ZN10IRQManager21set_iic_rx_link_eventEii
                0x000065dc       0x20 .pio\build\uno_r4_wifi\libFrameworkArduino.a(IRQManager.cpp.o)
                0x000065dc                IRQManager::set_iic_rx_link_event(int, int)
 .text._ZN10IRQManager22set_iic_tei_link_eventEii
                0x000065fc       0x20 .pio\build\uno_r4_wifi\libFrameworkArduino.a(IRQManager.cpp.o)
                0x000065fc                IRQManager::set_iic_tei_link_event(int, int)
 .text._ZN10IRQManager22set_iic_eri_link_eventEii
                0x0000661c       0x20 .pio\build\uno_r4_wifi\libFrameworkArduino.a(IRQManager.cpp.o)
                0x0000661c                IRQManager::set_iic_eri_link_event(int, int)
 .text._ZN10IRQManager21set_sci_tx_link_eventEii
                0x0000663c       0x38 .pio\build\uno_r4_wifi\libFrameworkArduino.a(IRQManager.cpp.o)
                0x0000663c                IRQManager::set_sci_tx_link_event(int, int)
 .text._ZN10IRQManager21set_sci_rx_link_eventEii
                0x00006674       0x38 .pio\build\uno_r4_wifi\libFrameworkArduino.a(IRQManager.cpp.o)
                0x00006674                IRQManager::set_sci_rx_link_event(int, int)
 .text._ZN10IRQManager22set_sci_tei_link_eventEii
                0x000066ac       0x38 .pio\build\uno_r4_wifi\libFrameworkArduino.a(IRQManager.cpp.o)
                0x000066ac                IRQManager::set_sci_tei_link_event(int, int)
 .text._ZN10IRQManager22set_sci_eri_link_eventEii
                0x000066e4       0x38 .pio\build\uno_r4_wifi\libFrameworkArduino.a(IRQManager.cpp.o)
                0x000066e4                IRQManager::set_sci_eri_link_event(int, int)
 .text._ZN10IRQManager21set_spi_tx_link_eventEii
                0x0000671c       0x20 .pio\build\uno_r4_wifi\libFrameworkArduino.a(IRQManager.cpp.o)
                0x0000671c                IRQManager::set_spi_tx_link_event(int, int)
 .text._ZN10IRQManager21set_spi_rx_link_eventEii
                0x0000673c       0x20 .pio\build\uno_r4_wifi\libFrameworkArduino.a(IRQManager.cpp.o)
                0x0000673c                IRQManager::set_spi_rx_link_event(int, int)
 .text._ZN10IRQManager22set_spi_tei_link_eventEii
                0x0000675c       0x20 .pio\build\uno_r4_wifi\libFrameworkArduino.a(IRQManager.cpp.o)
                0x0000675c                IRQManager::set_spi_tei_link_event(int, int)
 .text._ZN10IRQManager22set_spi_eri_link_eventEii
                0x0000677c       0x20 .pio\build\uno_r4_wifi\libFrameworkArduino.a(IRQManager.cpp.o)
                0x0000677c                IRQManager::set_spi_eri_link_event(int, int)
 .text._ZN10IRQManager13addPeripheralE12Peripheral_tPv
                0x0000679c      0x904 .pio\build\uno_r4_wifi\libFrameworkArduino.a(IRQManager.cpp.o)
                0x0000679c                IRQManager::addPeripheral(Peripheral_t, void*)
 .text._ZL13readAllGroupAP13ADC_Container
                0x000070a0       0x2c .pio\build\uno_r4_wifi\libFrameworkArduino.a(analog.cpp.o)
 .text._ZL11ADC_irq_cbkP20st_adc_callback_args
                0x000070cc       0x58 .pio\build\uno_r4_wifi\libFrameworkArduino.a(analog.cpp.o)
 .text._ZL10adcConvertP13ADC_Containert
                0x00007124       0xa4 .pio\build\uno_r4_wifi\libFrameworkArduino.a(analog.cpp.o)
 .text._ZL21get_ADC_container_ptrlRt.constprop.4
                0x000071c8       0x38 .pio\build\uno_r4_wifi\libFrameworkArduino.a(analog.cpp.o)
 .text._ZN13ADC_ContainerC2EhPFvP20st_adc_callback_argsEPv
                0x00007200       0x6e .pio\build\uno_r4_wifi\libFrameworkArduino.a(analog.cpp.o)
                0x00007200                ADC_Container::ADC_Container(unsigned char, void (*)(st_adc_callback_args*), void*)
                0x00007200                ADC_Container::ADC_Container(unsigned char, void (*)(st_adc_callback_args*), void*)
 .text._ZN13ADC_ContainerD2Ev
                0x0000726e       0x12 .pio\build\uno_r4_wifi\libFrameworkArduino.a(analog.cpp.o)
                0x0000726e                ADC_Container::~ADC_Container()
                0x0000726e                ADC_Container::~ADC_Container()
 .text.analogRead
                0x00007280       0x3c .pio\build\uno_r4_wifi\libFrameworkArduino.a(analog.cpp.o)
                0x00007280                analogRead
 .text.analogReference
                0x000072bc       0x5c .pio\build\uno_r4_wifi\libFrameworkArduino.a(analog.cpp.o)
                0x000072bc                analogReference
 .text._Z15analogReferencev
                0x00007318      0x10c .pio\build\uno_r4_wifi\libFrameworkArduino.a(analog.cpp.o)
                0x00007318                analogReference()
 .text._Z23__get_timer_for_channeli
                0x00007424       0x2c .pio\build\uno_r4_wifi\libFrameworkArduino.a(analog.cpp.o)
                0x00007424                __get_timer_for_channel(int)
 .text.startup._GLOBAL__sub_I__ZN13ADC_ContainerC2EhPFvP20st_adc_callback_argsEPv
                0x00007450       0x4c .pio\build\uno_r4_wifi\libFrameworkArduino.a(analog.cpp.o)
 .text.exit._GLOBAL__sub_D__ZN13ADC_ContainerC2EhPFvP20st_adc_callback_argsEPv
                0x0000749c       0x1c .pio\build\uno_r4_wifi\libFrameworkArduino.a(analog.cpp.o)
 .text._Z3maplllll
                0x000074b8       0x14 .pio\build\uno_r4_wifi\libFrameworkArduino.a(Common.cpp.o)
                0x000074b8                map(long, long, long, long, long)
 .text.dump_stack
                0x000074cc       0x7c .pio\build\uno_r4_wifi\libFrameworkArduino.a(cm_backtrace.c.o)
 .text.cm_backtrace_init
                0x00007548       0x74 .pio\build\uno_r4_wifi\libFrameworkArduino.a(cm_backtrace.c.o)
                0x00007548                cm_backtrace_init
 .text.cm_backtrace_firmware_info
                0x000075bc       0x2c .pio\build\uno_r4_wifi\libFrameworkArduino.a(cm_backtrace.c.o)
                0x000075bc                cm_backtrace_firmware_info
 .text.cm_backtrace_call_stack
                0x000075e8       0xe4 .pio\build\uno_r4_wifi\libFrameworkArduino.a(cm_backtrace.c.o)
                0x000075e8                cm_backtrace_call_stack
 .text.print_call_stack
                0x000076cc       0x94 .pio\build\uno_r4_wifi\libFrameworkArduino.a(cm_backtrace.c.o)
 .text.cm_backtrace_fault
                0x00007760      0x470 .pio\build\uno_r4_wifi\libFrameworkArduino.a(cm_backtrace.c.o)
                0x00007760                cm_backtrace_fault
 .text.Stacktrace_Handler
                0x00007bd0        0xa .pio\build\uno_r4_wifi\libFrameworkArduino.a(cortex_handlers.c.o)
                0x00007bd0                Stacktrace_Handler
 *fill*         0x00007bda        0x2 ff
 .text._ZN4CDacC2Eh
                0x00007bdc       0x6c .pio\build\uno_r4_wifi\libFrameworkArduino.a(dac.cpp.o)
                0x00007bdc                CDac::CDac(unsigned char)
                0x00007bdc                CDac::CDac(unsigned char)
 .text.startup._GLOBAL__sub_I__ZN4CDacC2Eh
                0x00007c48        0xc .pio\build\uno_r4_wifi\libFrameworkArduino.a(dac.cpp.o)
 .text._Z13pinPeripheral19e_bsp_io_port_pin_tm
                0x00007c54       0x10 .pio\build\uno_r4_wifi\libFrameworkArduino.a(pinDefinitions.cpp.o)
                0x00007c54                pinPeripheral(e_bsp_io_port_pin_t, unsigned long)
 .text.r_spi_call_callback
                0x00007c64       0x40 C:\Users\Caden Kraft\.platformio\packages\framework-arduinorenesas-uno\variants\UNOWIFIR4\libs\libfsp.a(r_spi.o)
 .text.spi_rxi_isr
                0x00007ca4       0x9c C:\Users\Caden Kraft\.platformio\packages\framework-arduinorenesas-uno\variants\UNOWIFIR4\libs\libfsp.a(r_spi.o)
                0x00007ca4                spi_rxi_isr
 .text.spi_txi_isr
                0x00007d40       0xd8 C:\Users\Caden Kraft\.platformio\packages\framework-arduinorenesas-uno\variants\UNOWIFIR4\libs\libfsp.a(r_spi.o)
                0x00007d40                spi_txi_isr
 .text.spi_tei_isr
                0x00007e18       0xe0 C:\Users\Caden Kraft\.platformio\packages\framework-arduinorenesas-uno\variants\UNOWIFIR4\libs\libfsp.a(r_spi.o)
                0x00007e18                spi_tei_isr
 .text.spi_eri_isr
                0x00007ef8       0xdc C:\Users\Caden Kraft\.platformio\packages\framework-arduinorenesas-uno\variants\UNOWIFIR4\libs\libfsp.a(r_spi.o)
                0x00007ef8                spi_eri_isr
 .text.R_SCI_UART_Write
                0x00007fd4       0xb0 C:\Users\Caden Kraft\.platformio\packages\framework-arduinorenesas-uno\variants\UNOWIFIR4\libs\libfsp.a(r_sci_uart.o)
                0x00007fd4                R_SCI_UART_Write
 .text.R_SCI_UART_BaudSet
                0x00008084       0x44 C:\Users\Caden Kraft\.platformio\packages\framework-arduinorenesas-uno\variants\UNOWIFIR4\libs\libfsp.a(r_sci_uart.o)
                0x00008084                R_SCI_UART_BaudSet
 .text.R_SCI_UART_Close
                0x000080c8       0xd8 C:\Users\Caden Kraft\.platformio\packages\framework-arduinorenesas-uno\variants\UNOWIFIR4\libs\libfsp.a(r_sci_uart.o)
                0x000080c8                R_SCI_UART_Close
 .text.r_sci_uart_call_callback
                0x000081a0       0x44 C:\Users\Caden Kraft\.platformio\packages\framework-arduinorenesas-uno\variants\UNOWIFIR4\libs\libfsp.a(r_sci_uart.o)
 .text.r_sci_uart_transfer_configure.isra.0
                0x000081e4       0x38 C:\Users\Caden Kraft\.platformio\packages\framework-arduinorenesas-uno\variants\UNOWIFIR4\libs\libfsp.a(r_sci_uart.o)
 .text.R_SCI_UART_Open
                0x0000821c      0x448 C:\Users\Caden Kraft\.platformio\packages\framework-arduinorenesas-uno\variants\UNOWIFIR4\libs\libfsp.a(r_sci_uart.o)
                0x0000821c                R_SCI_UART_Open
 .text.R_SCI_UART_BaudCalculate
                0x00008664      0x184 C:\Users\Caden Kraft\.platformio\packages\framework-arduinorenesas-uno\variants\UNOWIFIR4\libs\libfsp.a(r_sci_uart.o)
                0x00008664                R_SCI_UART_BaudCalculate
 .text.sci_uart_txi_isr
                0x000087e8       0xec C:\Users\Caden Kraft\.platformio\packages\framework-arduinorenesas-uno\variants\UNOWIFIR4\libs\libfsp.a(r_sci_uart.o)
                0x000087e8                sci_uart_txi_isr
 .text.sci_uart_rxi_isr
                0x000088d4      0x184 C:\Users\Caden Kraft\.platformio\packages\framework-arduinorenesas-uno\variants\UNOWIFIR4\libs\libfsp.a(r_sci_uart.o)
                0x000088d4                sci_uart_rxi_isr
 .text.sci_uart_tei_isr
                0x00008a58       0x40 C:\Users\Caden Kraft\.platformio\packages\framework-arduinorenesas-uno\variants\UNOWIFIR4\libs\libfsp.a(r_sci_uart.o)
                0x00008a58                sci_uart_tei_isr
 .text.sci_uart_eri_isr
                0x00008a98       0x78 C:\Users\Caden Kraft\.platformio\packages\framework-arduinorenesas-uno\variants\UNOWIFIR4\libs\libfsp.a(r_sci_uart.o)
                0x00008a98                sci_uart_eri_isr
 .text.r_sci_spi_call_callback
                0x00008b10       0x40 C:\Users\Caden Kraft\.platformio\packages\framework-arduinorenesas-uno\variants\UNOWIFIR4\libs\libfsp.a(r_sci_spi.o)
 .text.sci_spi_txi_isr
                0x00008b50       0x68 C:\Users\Caden Kraft\.platformio\packages\framework-arduinorenesas-uno\variants\UNOWIFIR4\libs\libfsp.a(r_sci_spi.o)
                0x00008b50                sci_spi_txi_isr
 .text.sci_spi_rxi_isr
                0x00008bb8       0x74 C:\Users\Caden Kraft\.platformio\packages\framework-arduinorenesas-uno\variants\UNOWIFIR4\libs\libfsp.a(r_sci_spi.o)
                0x00008bb8                sci_spi_rxi_isr
 .text.sci_spi_tei_isr
                0x00008c2c       0x3c C:\Users\Caden Kraft\.platformio\packages\framework-arduinorenesas-uno\variants\UNOWIFIR4\libs\libfsp.a(r_sci_spi.o)
                0x00008c2c                sci_spi_tei_isr
 .text.sci_spi_eri_isr
                0x00008c68       0x44 C:\Users\Caden Kraft\.platformio\packages\framework-arduinorenesas-uno\variants\UNOWIFIR4\libs\libfsp.a(r_sci_spi.o)
                0x00008c68                sci_spi_eri_isr
 .text.sci_i2c_enable_transfer_support_tx
                0x00008cac       0x34 C:\Users\Caden Kraft\.platformio\packages\framework-arduinorenesas-uno\variants\UNOWIFIR4\libs\libfsp.a(r_sci_i2c.o)
 .text.sci_i2c_notify
                0x00008ce0       0x64 C:\Users\Caden Kraft\.platformio\packages\framework-arduinorenesas-uno\variants\UNOWIFIR4\libs\libfsp.a(r_sci_i2c.o)
                0x00008ce0                sci_i2c_notify
 .text.sci_i2c_rxi_isr
                0x00008d44       0x20 C:\Users\Caden Kraft\.platformio\packages\framework-arduinorenesas-uno\variants\UNOWIFIR4\libs\libfsp.a(r_sci_i2c.o)
                0x00008d44                sci_i2c_rxi_isr
 .text.sci_i2c_txi_isr
                0x00008d64      0x198 C:\Users\Caden Kraft\.platformio\packages\framework-arduinorenesas-uno\variants\UNOWIFIR4\libs\libfsp.a(r_sci_i2c.o)
                0x00008d64                sci_i2c_txi_isr
 .text.sci_i2c_tei_isr
                0x00008efc       0xf0 C:\Users\Caden Kraft\.platformio\packages\framework-arduinorenesas-uno\variants\UNOWIFIR4\libs\libfsp.a(r_sci_i2c.o)
                0x00008efc                sci_i2c_tei_isr
 .text.rtc_alarm_periodic_isr
                0x00008fec       0x68 C:\Users\Caden Kraft\.platformio\packages\framework-arduinorenesas-uno\variants\UNOWIFIR4\libs\libfsp.a(r_rtc.o)
                0x00008fec                rtc_alarm_periodic_isr
 .text.rtc_carry_isr
                0x00009054       0x2c C:\Users\Caden Kraft\.platformio\packages\framework-arduinorenesas-uno\variants\UNOWIFIR4\libs\libfsp.a(r_rtc.o)
                0x00009054                rtc_carry_isr
 .text.R_IOPORT_PinRead
                0x00009080       0x1c C:\Users\Caden Kraft\.platformio\packages\framework-arduinorenesas-uno\variants\UNOWIFIR4\libs\libfsp.a(r_ioport.o)
                0x00009080                R_IOPORT_PinRead
 .text.R_IOPORT_PinWrite
                0x0000909c       0x20 C:\Users\Caden Kraft\.platformio\packages\framework-arduinorenesas-uno\variants\UNOWIFIR4\libs\libfsp.a(r_ioport.o)
                0x0000909c                R_IOPORT_PinWrite
 .text.bsp_vbatt_init
                0x000090bc       0xac C:\Users\Caden Kraft\.platformio\packages\framework-arduinorenesas-uno\variants\UNOWIFIR4\libs\libfsp.a(r_ioport.o)
 .text.R_IOPORT_PinCfg
                0x00009168       0xa8 C:\Users\Caden Kraft\.platformio\packages\framework-arduinorenesas-uno\variants\UNOWIFIR4\libs\libfsp.a(r_ioport.o)
                0x00009168                R_IOPORT_PinCfg
 .text.r_iic_slave_call_callback
                0x00009210       0x3c C:\Users\Caden Kraft\.platformio\packages\framework-arduinorenesas-uno\variants\UNOWIFIR4\libs\libfsp.a(r_iic_slave.o)
 .text.iic_slave_initiate_transaction
                0x0000924c       0x74 C:\Users\Caden Kraft\.platformio\packages\framework-arduinorenesas-uno\variants\UNOWIFIR4\libs\libfsp.a(r_iic_slave.o)
 .text.iic_slave_rxi_isr
                0x000092c0      0x12c C:\Users\Caden Kraft\.platformio\packages\framework-arduinorenesas-uno\variants\UNOWIFIR4\libs\libfsp.a(r_iic_slave.o)
                0x000092c0                iic_slave_rxi_isr
 .text.iic_slave_txi_isr
                0x000093ec       0xa8 C:\Users\Caden Kraft\.platformio\packages\framework-arduinorenesas-uno\variants\UNOWIFIR4\libs\libfsp.a(r_iic_slave.o)
                0x000093ec                iic_slave_txi_isr
 .text.iic_slave_tei_isr
                0x00009494       0x94 C:\Users\Caden Kraft\.platformio\packages\framework-arduinorenesas-uno\variants\UNOWIFIR4\libs\libfsp.a(r_iic_slave.o)
                0x00009494                iic_slave_tei_isr
 .text.iic_slave_eri_isr
                0x00009528      0x10c C:\Users\Caden Kraft\.platformio\packages\framework-arduinorenesas-uno\variants\UNOWIFIR4\libs\libfsp.a(r_iic_slave.o)
                0x00009528                iic_slave_eri_isr
 .text.iic_master_notify
                0x00009634       0x3c C:\Users\Caden Kraft\.platformio\packages\framework-arduinorenesas-uno\variants\UNOWIFIR4\libs\libfsp.a(r_iic_master.o)
 .text.iic_master_open_hw_master
                0x00009670      0x184 C:\Users\Caden Kraft\.platformio\packages\framework-arduinorenesas-uno\variants\UNOWIFIR4\libs\libfsp.a(r_iic_master.o)
 .text.iic_master_rxi_isr
                0x000097f4      0x13c C:\Users\Caden Kraft\.platformio\packages\framework-arduinorenesas-uno\variants\UNOWIFIR4\libs\libfsp.a(r_iic_master.o)
                0x000097f4                iic_master_rxi_isr
 .text.iic_master_txi_isr
                0x00009930       0xec C:\Users\Caden Kraft\.platformio\packages\framework-arduinorenesas-uno\variants\UNOWIFIR4\libs\libfsp.a(r_iic_master.o)
                0x00009930                iic_master_txi_isr
 .text.iic_master_tei_isr
                0x00009a1c       0xc4 C:\Users\Caden Kraft\.platformio\packages\framework-arduinorenesas-uno\variants\UNOWIFIR4\libs\libfsp.a(r_iic_master.o)
                0x00009a1c                iic_master_tei_isr
 .text.iic_master_eri_isr
                0x00009ae0      0x140 C:\Users\Caden Kraft\.platformio\packages\framework-arduinorenesas-uno\variants\UNOWIFIR4\libs\libfsp.a(r_iic_master.o)
                0x00009ae0                iic_master_eri_isr
 .text.r_icu_isr
                0x00009c20       0x6c C:\Users\Caden Kraft\.platformio\packages\framework-arduinorenesas-uno\variants\UNOWIFIR4\libs\libfsp.a(r_icu.o)
                0x00009c20                r_icu_isr
 .text.R_GPT_Start
                0x00009c8c        0xc C:\Users\Caden Kraft\.platformio\packages\framework-arduinorenesas-uno\variants\UNOWIFIR4\libs\libfsp.a(r_gpt.o)
                0x00009c8c                R_GPT_Start
 .text.R_GPT_Enable
                0x00009c98       0x30 C:\Users\Caden Kraft\.platformio\packages\framework-arduinorenesas-uno\variants\UNOWIFIR4\libs\libfsp.a(r_gpt.o)
                0x00009c98                R_GPT_Enable
 .text.r_gpt_enable_irq
                0x00009cc8       0x5c C:\Users\Caden Kraft\.platformio\packages\framework-arduinorenesas-uno\variants\UNOWIFIR4\libs\libfsp.a(r_gpt.o)
 .text.r_gpt_call_callback
                0x00009d24       0x3c C:\Users\Caden Kraft\.platformio\packages\framework-arduinorenesas-uno\variants\UNOWIFIR4\libs\libfsp.a(r_gpt.o)
 .text.gpt_calculate_duty_cycle.isra.0
                0x00009d60       0x78 C:\Users\Caden Kraft\.platformio\packages\framework-arduinorenesas-uno\variants\UNOWIFIR4\libs\libfsp.a(r_gpt.o)
 .text.R_GPT_Open
                0x00009dd8      0x264 C:\Users\Caden Kraft\.platformio\packages\framework-arduinorenesas-uno\variants\UNOWIFIR4\libs\libfsp.a(r_gpt.o)
                0x00009dd8                R_GPT_Open
 .text.R_GPT_Close
                0x0000a03c       0xd4 C:\Users\Caden Kraft\.platformio\packages\framework-arduinorenesas-uno\variants\UNOWIFIR4\libs\libfsp.a(r_gpt.o)
                0x0000a03c                R_GPT_Close
 .text.gpt_counter_overflow_isr
                0x0000a110       0x78 C:\Users\Caden Kraft\.platformio\packages\framework-arduinorenesas-uno\variants\UNOWIFIR4\libs\libfsp.a(r_gpt.o)
                0x0000a110                gpt_counter_overflow_isr
 .text.R_DAC_Open
                0x0000a188       0x88 C:\Users\Caden Kraft\.platformio\packages\framework-arduinorenesas-uno\variants\UNOWIFIR4\libs\libfsp.a(r_dac.o)
                0x0000a188                R_DAC_Open
 .text.R_DAC_Write
                0x0000a210        0xc C:\Users\Caden Kraft\.platformio\packages\framework-arduinorenesas-uno\variants\UNOWIFIR4\libs\libfsp.a(r_dac.o)
                0x0000a210                R_DAC_Write
 .text.R_DAC_Start
                0x0000a21c       0x30 C:\Users\Caden Kraft\.platformio\packages\framework-arduinorenesas-uno\variants\UNOWIFIR4\libs\libfsp.a(r_dac.o)
                0x0000a21c                R_DAC_Start
 .text.R_DAC_Stop
                0x0000a24c       0x34 C:\Users\Caden Kraft\.platformio\packages\framework-arduinorenesas-uno\variants\UNOWIFIR4\libs\libfsp.a(r_dac.o)
                0x0000a24c                R_DAC_Stop
 .text.R_DAC_Close
                0x0000a280       0x40 C:\Users\Caden Kraft\.platformio\packages\framework-arduinorenesas-uno\variants\UNOWIFIR4\libs\libfsp.a(r_dac.o)
                0x0000a280                R_DAC_Close
 .text.r_can_call_callback
                0x0000a2c0       0x68 C:\Users\Caden Kraft\.platformio\packages\framework-arduinorenesas-uno\variants\UNOWIFIR4\libs\libfsp.a(r_can.o)
 .text.can_error_isr
                0x0000a328       0xd4 C:\Users\Caden Kraft\.platformio\packages\framework-arduinorenesas-uno\variants\UNOWIFIR4\libs\libfsp.a(r_can.o)
                0x0000a328                can_error_isr
 .text.can_rx_isr
                0x0000a3fc      0x118 C:\Users\Caden Kraft\.platformio\packages\framework-arduinorenesas-uno\variants\UNOWIFIR4\libs\libfsp.a(r_can.o)
                0x0000a3fc                can_rx_isr
 .text.can_tx_isr
                0x0000a514       0xa0 C:\Users\Caden Kraft\.platformio\packages\framework-arduinorenesas-uno\variants\UNOWIFIR4\libs\libfsp.a(r_can.o)
                0x0000a514                can_tx_isr
 .text.R_AGT_Start
                0x0000a5b4       0x38 C:\Users\Caden Kraft\.platformio\packages\framework-arduinorenesas-uno\variants\UNOWIFIR4\libs\libfsp.a(r_agt.o)
                0x0000a5b4                R_AGT_Start
 .text.R_AGT_Enable
                0x0000a5ec       0x14 C:\Users\Caden Kraft\.platformio\packages\framework-arduinorenesas-uno\variants\UNOWIFIR4\libs\libfsp.a(r_agt.o)
                0x0000a5ec                R_AGT_Enable
 .text.R_AGT_Close
                0x0000a600       0x84 C:\Users\Caden Kraft\.platformio\packages\framework-arduinorenesas-uno\variants\UNOWIFIR4\libs\libfsp.a(r_agt.o)
                0x0000a600                R_AGT_Close
 .text.R_AGT_Open
                0x0000a684      0x118 C:\Users\Caden Kraft\.platformio\packages\framework-arduinorenesas-uno\variants\UNOWIFIR4\libs\libfsp.a(r_agt.o)
                0x0000a684                R_AGT_Open
 .text.agt_int_isr
                0x0000a79c       0x88 C:\Users\Caden Kraft\.platformio\packages\framework-arduinorenesas-uno\variants\UNOWIFIR4\libs\libfsp.a(r_agt.o)
                0x0000a79c                agt_int_isr
 .text.R_ADC_ScanStart
                0x0000a824        0xc C:\Users\Caden Kraft\.platformio\packages\framework-arduinorenesas-uno\variants\UNOWIFIR4\libs\libfsp.a(r_adc.o)
                0x0000a824                R_ADC_ScanStart
 .text.R_ADC_StatusGet
                0x0000a830       0x10 C:\Users\Caden Kraft\.platformio\packages\framework-arduinorenesas-uno\variants\UNOWIFIR4\libs\libfsp.a(r_adc.o)
                0x0000a830                R_ADC_StatusGet
 .text.R_ADC_Read
                0x0000a840       0x10 C:\Users\Caden Kraft\.platformio\packages\framework-arduinorenesas-uno\variants\UNOWIFIR4\libs\libfsp.a(r_adc.o)
                0x0000a840                R_ADC_Read
 .text.R_ADC_ScanCfg
                0x0000a850      0x1a0 C:\Users\Caden Kraft\.platformio\packages\framework-arduinorenesas-uno\variants\UNOWIFIR4\libs\libfsp.a(r_adc.o)
                0x0000a850                R_ADC_ScanCfg
 .text.R_ADC_Open
                0x0000a9f0      0x240 C:\Users\Caden Kraft\.platformio\packages\framework-arduinorenesas-uno\variants\UNOWIFIR4\libs\libfsp.a(r_adc.o)
                0x0000a9f0                R_ADC_Open
 .text.R_ADC_Close
                0x0000ac30       0xfc C:\Users\Caden Kraft\.platformio\packages\framework-arduinorenesas-uno\variants\UNOWIFIR4\libs\libfsp.a(r_adc.o)
                0x0000ac30                R_ADC_Close
 .text.bsp_prv_software_delay_loop
                0x0000ad2c        0xc C:\Users\Caden Kraft\.platformio\packages\framework-arduinorenesas-uno\variants\UNOWIFIR4\libs\libfsp.a(bsp_delay.o)
                0x0000ad2c                bsp_prv_software_delay_loop
 .text.R_BSP_SoftwareDelay
                0x0000ad38       0x5c C:\Users\Caden Kraft\.platformio\packages\framework-arduinorenesas-uno\variants\UNOWIFIR4\libs\libfsp.a(bsp_delay.o)
                0x0000ad38                R_BSP_SoftwareDelay
 .text.bsp_irq_cfg
                0x0000ad94       0x2c C:\Users\Caden Kraft\.platformio\packages\framework-arduinorenesas-uno\variants\UNOWIFIR4\libs\libfsp.a(bsp_irq.o)
                0x0000ad94                bsp_irq_cfg
 .text.R_BSP_RegisterProtectEnable
                0x0000adc0       0x60 C:\Users\Caden Kraft\.platformio\packages\framework-arduinorenesas-uno\variants\UNOWIFIR4\libs\libfsp.a(bsp_register_protection.o)
                0x0000adc0                R_BSP_RegisterProtectEnable
 .text.R_BSP_RegisterProtectDisable
                0x0000ae20       0x54 C:\Users\Caden Kraft\.platformio\packages\framework-arduinorenesas-uno\variants\UNOWIFIR4\libs\libfsp.a(bsp_register_protection.o)
                0x0000ae20                R_BSP_RegisterProtectDisable
 .text.Default_Handler
                0x0000ae74        0x4 C:\Users\Caden Kraft\.platformio\packages\framework-arduinorenesas-uno\variants\UNOWIFIR4\libs\libfsp.a(startup.o)
                0x0000ae74                DebugMon_Handler
                0x0000ae74                HardFault_Handler
                0x0000ae74                SysTick_Handler
                0x0000ae74                PendSV_Handler
                0x0000ae74                UsageFault_Handler
                0x0000ae74                SecureFault_Handler
                0x0000ae74                Default_Handler
                0x0000ae74                MemManage_Handler
                0x0000ae74                SVC_Handler
                0x0000ae74                BusFault_Handler
 .text.Reset_Handler
                0x0000ae78        0xc C:\Users\Caden Kraft\.platformio\packages\framework-arduinorenesas-uno\variants\UNOWIFIR4\libs\libfsp.a(startup.o)
                0x0000ae78                Reset_Handler
 .text.R_BSP_WarmStart
                0x0000ae84        0x4 C:\Users\Caden Kraft\.platformio\packages\framework-arduinorenesas-uno\variants\UNOWIFIR4\libs\libfsp.a(system.o)
                0x0000ae84                R_BSP_WarmStart
 .text.SystemInit
                0x0000ae88      0x15c C:\Users\Caden Kraft\.platformio\packages\framework-arduinorenesas-uno\variants\UNOWIFIR4\libs\libfsp.a(system.o)
                0x0000ae88                SystemInit
 .text.SystemCoreClockUpdate
                0x0000afe4       0x28 C:\Users\Caden Kraft\.platformio\packages\framework-arduinorenesas-uno\variants\UNOWIFIR4\libs\libfsp.a(bsp_clocks.o)
                0x0000afe4                SystemCoreClockUpdate
 .text.bsp_clock_init
                0x0000b00c      0x12c C:\Users\Caden Kraft\.platformio\packages\framework-arduinorenesas-uno\variants\UNOWIFIR4\libs\libfsp.a(bsp_clocks.o)
                0x0000b00c                bsp_clock_init
 .text.bsp_init_internal
                0x0000b138        0x4 C:\Users\Caden Kraft\.platformio\packages\framework-arduinorenesas-uno\variants\UNOWIFIR4\libs\libfsp.a(bsp_common.o)
                0x0000b138                bsp_init_internal
                0x0000b138                bsp_init
 .text.NMI_Handler
                0x0000b13c       0x38 C:\Users\Caden Kraft\.platformio\packages\framework-arduinorenesas-uno\variants\UNOWIFIR4\libs\libfsp.a(bsp_group_irq.o)
                0x0000b13c                NMI_Handler
 .text._Znwj    0x0000b174       0x22 c:/users/caden kraft/.platformio/packages/toolchain-gccarmnoneeabi/bin/../lib/gcc/arm-none-eabi/7.2.1/../../../../arm-none-eabi/lib/thumb/v7e-m/fpv4-sp/hard\libstdc++_nano.a(new_op.o)
                0x0000b174                operator new(unsigned int)
 .text.__cxa_guard_acquire
                0x0000b196       0x18 c:/users/caden kraft/.platformio/packages/toolchain-gccarmnoneeabi/bin/../lib/gcc/arm-none-eabi/7.2.1/../../../../arm-none-eabi/lib/thumb/v7e-m/fpv4-sp/hard\libstdc++_nano.a(guard.o)
                0x0000b196                __cxa_guard_acquire
 .text.__cxa_guard_release
                0x0000b1ae        0x6 c:/users/caden kraft/.platformio/packages/toolchain-gccarmnoneeabi/bin/../lib/gcc/arm-none-eabi/7.2.1/../../../../arm-none-eabi/lib/thumb/v7e-m/fpv4-sp/hard\libstdc++_nano.a(guard.o)
                0x0000b1ae                __cxa_guard_release
 .text._ZSt15get_new_handlerv
                0x0000b1b4       0x10 c:/users/caden kraft/.platformio/packages/toolchain-gccarmnoneeabi/bin/../lib/gcc/arm-none-eabi/7.2.1/../../../../arm-none-eabi/lib/thumb/v7e-m/fpv4-sp/hard\libstdc++_nano.a(new_handler.o)
                0x0000b1b4                std::get_new_handler()
 .text._ZdlPvj  0x0000b1c4        0x4 c:/users/caden kraft/.platformio/packages/toolchain-gccarmnoneeabi/bin/../lib/gcc/arm-none-eabi/7.2.1/../../../../arm-none-eabi/lib/thumb/v7e-m/fpv4-sp/hard\libstdc++_nano.a(del_ops.o)
                0x0000b1c4                operator delete(void*, unsigned int)
 .text._ZdlPv   0x0000b1c8        0x4 c:/users/caden kraft/.platformio/packages/toolchain-gccarmnoneeabi/bin/../lib/gcc/arm-none-eabi/7.2.1/../../../../arm-none-eabi/lib/thumb/v7e-m/fpv4-sp/hard\libstdc++_nano.a(del_op.o)
                0x0000b1c8                operator delete(void*)
 .text          0x0000b1cc      0x378 c:/users/caden kraft/.platformio/packages/toolchain-gccarmnoneeabi/bin/../lib/gcc/arm-none-eabi/7.2.1/thumb/v7e-m/fpv4-sp/hard\libgcc.a(_arm_addsubdf3.o)
                0x0000b1cc                __aeabi_drsub
                0x0000b1d4                __aeabi_dsub
                0x0000b1d4                __subdf3
                0x0000b1d8                __aeabi_dadd
                0x0000b1d8                __adddf3
                0x0000b450                __floatunsidf
                0x0000b450                __aeabi_ui2d
                0x0000b470                __floatsidf
                0x0000b470                __aeabi_i2d
                0x0000b494                __aeabi_f2d
                0x0000b494                __extendsfdf2
                0x0000b4d8                __floatundidf
                0x0000b4d8                __aeabi_ul2d
                0x0000b4e8                __floatdidf
                0x0000b4e8                __aeabi_l2d
 .text          0x0000b544      0x424 c:/users/caden kraft/.platformio/packages/toolchain-gccarmnoneeabi/bin/../lib/gcc/arm-none-eabi/7.2.1/thumb/v7e-m/fpv4-sp/hard\libgcc.a(_arm_muldivdf3.o)
                0x0000b544                __aeabi_dmul
                0x0000b544                __muldf3
                0x0000b798                __divdf3
                0x0000b798                __aeabi_ddiv
 .text          0x0000b968      0x110 c:/users/caden kraft/.platformio/packages/toolchain-gccarmnoneeabi/bin/../lib/gcc/arm-none-eabi/7.2.1/thumb/v7e-m/fpv4-sp/hard\libgcc.a(_arm_cmpdf2.o)
                0x0000b968                __gtdf2
                0x0000b968                __gedf2
                0x0000b970                __ltdf2
                0x0000b970                __ledf2
                0x0000b978                __nedf2
                0x0000b978                __eqdf2
                0x0000b978                __cmpdf2
                0x0000b9f4                __aeabi_cdrcmple
                0x0000ba04                __aeabi_cdcmpeq
                0x0000ba04                __aeabi_cdcmple
                0x0000ba14                __aeabi_dcmpeq
                0x0000ba28                __aeabi_dcmplt
                0x0000ba3c                __aeabi_dcmple
                0x0000ba50                __aeabi_dcmpge
                0x0000ba64                __aeabi_dcmpgt
 .text          0x0000ba78       0x2c c:/users/caden kraft/.platformio/packages/toolchain-gccarmnoneeabi/bin/../lib/gcc/arm-none-eabi/7.2.1/thumb/v7e-m/fpv4-sp/hard\libgcc.a(_arm_unorddf2.o)
                0x0000ba78                __unorddf2
                0x0000ba78                __aeabi_dcmpun
 .text          0x0000baa4       0x50 c:/users/caden kraft/.platformio/packages/toolchain-gccarmnoneeabi/bin/../lib/gcc/arm-none-eabi/7.2.1/thumb/v7e-m/fpv4-sp/hard\libgcc.a(_arm_fixdfsi.o)
                0x0000baa4                __aeabi_d2iz
                0x0000baa4                __fixdfsi
 .text          0x0000baf4       0x40 c:/users/caden kraft/.platformio/packages/toolchain-gccarmnoneeabi/bin/../lib/gcc/arm-none-eabi/7.2.1/thumb/v7e-m/fpv4-sp/hard\libgcc.a(_arm_fixunsdfsi.o)
                0x0000baf4                __aeabi_d2uiz
                0x0000baf4                __fixunsdfsi
 .text          0x0000bb34       0xa0 c:/users/caden kraft/.platformio/packages/toolchain-gccarmnoneeabi/bin/../lib/gcc/arm-none-eabi/7.2.1/thumb/v7e-m/fpv4-sp/hard\libgcc.a(_arm_truncdfsf2.o)
                0x0000bb34                __truncdfsf2
                0x0000bb34                __aeabi_d2f
 .text          0x0000bbd4       0xa0 c:/users/caden kraft/.platformio/packages/toolchain-gccarmnoneeabi/bin/../lib/gcc/arm-none-eabi/7.2.1/thumb/v7e-m/fpv4-sp/hard\libgcc.a(_aeabi_ldivmod.o)
                0x0000bbd4                __aeabi_ldivmod
 .text          0x0000bc74      0x2cc c:/users/caden kraft/.platformio/packages/toolchain-gccarmnoneeabi/bin/../lib/gcc/arm-none-eabi/7.2.1/thumb/v7e-m/fpv4-sp/hard\libgcc.a(_udivmoddi4.o)
                0x0000bc74                __udivmoddi4
 .text          0x0000bf40        0x4 c:/users/caden kraft/.platformio/packages/toolchain-gccarmnoneeabi/bin/../lib/gcc/arm-none-eabi/7.2.1/thumb/v7e-m/fpv4-sp/hard\libgcc.a(_dvmd_tls.o)
                0x0000bf40                __aeabi_idiv0
                0x0000bf40                __aeabi_ldiv0
 .text.PINCOUNT_fn
                0x0000bf44        0x4 .pio\build\uno_r4_wifi\libFrameworkArduinoVariant.a(variant.cpp.o)
                0x0000bf44                PINCOUNT_fn
 .text._Z17__maybe_start_usbv
                0x0000bf48        0x2 .pio\build\uno_r4_wifi\libFrameworkArduinoVariant.a(variant.cpp.o)
                0x0000bf48                __maybe_start_usb()
 *fill*         0x0000bf4a        0x2 ff
 .text.initVariant
                0x0000bf4c       0x9c .pio\build\uno_r4_wifi\libFrameworkArduinoVariant.a(variant.cpp.o)
                0x0000bf4c                initVariant
 .text.fabs     0x0000bfe8       0x14 c:/users/caden kraft/.platformio/packages/toolchain-gccarmnoneeabi/bin/../lib/gcc/arm-none-eabi/7.2.1/../../../../arm-none-eabi/lib/thumb/v7e-m/fpv4-sp/hard\libm.a(lib_a-s_fabs.o)
                0x0000bfe8                fabs
 .text.sqrt     0x0000bffc       0xb8 c:/users/caden kraft/.platformio/packages/toolchain-gccarmnoneeabi/bin/../lib/gcc/arm-none-eabi/7.2.1/../../../../arm-none-eabi/lib/thumb/v7e-m/fpv4-sp/hard\libm.a(lib_a-w_sqrt.o)
                0x0000bffc                sqrt
 .text.__ieee754_sqrt
                0x0000c0b4      0x194 c:/users/caden kraft/.platformio/packages/toolchain-gccarmnoneeabi/bin/../lib/gcc/arm-none-eabi/7.2.1/../../../../arm-none-eabi/lib/thumb/v7e-m/fpv4-sp/hard\libm.a(lib_a-e_sqrt.o)
                0x0000c0b4                __ieee754_sqrt
 .text.matherr  0x0000c248        0x4 c:/users/caden kraft/.platformio/packages/toolchain-gccarmnoneeabi/bin/../lib/gcc/arm-none-eabi/7.2.1/../../../../arm-none-eabi/lib/thumb/v7e-m/fpv4-sp/hard\libm.a(lib_a-s_matherr.o)
                0x0000c248                matherr
 .text.abort    0x0000c24c        0xe c:/users/caden kraft/.platformio/packages/toolchain-gccarmnoneeabi/bin/../lib/gcc/arm-none-eabi/7.2.1/../../../../arm-none-eabi/lib/thumb/v7e-m/fpv4-sp/hard\libc_nano.a(lib_a-abort.o)
                0x0000c24c                abort
 *fill*         0x0000c25a        0x2 ff
 .text.__errno  0x0000c25c        0xc c:/users/caden kraft/.platformio/packages/toolchain-gccarmnoneeabi/bin/../lib/gcc/arm-none-eabi/7.2.1/../../../../arm-none-eabi/lib/thumb/v7e-m/fpv4-sp/hard\libc_nano.a(lib_a-errno.o)
                0x0000c25c                __errno
 .text.malloc   0x0000c268       0x10 c:/users/caden kraft/.platformio/packages/toolchain-gccarmnoneeabi/bin/../lib/gcc/arm-none-eabi/7.2.1/../../../../arm-none-eabi/lib/thumb/v7e-m/fpv4-sp/hard\libc_nano.a(lib_a-malloc.o)
                0x0000c268                malloc
 .text.free     0x0000c278       0x10 c:/users/caden kraft/.platformio/packages/toolchain-gccarmnoneeabi/bin/../lib/gcc/arm-none-eabi/7.2.1/../../../../arm-none-eabi/lib/thumb/v7e-m/fpv4-sp/hard\libc_nano.a(lib_a-malloc.o)
                0x0000c278                free
 .text.memcpy   0x0000c288       0x16 c:/users/caden kraft/.platformio/packages/toolchain-gccarmnoneeabi/bin/../lib/gcc/arm-none-eabi/7.2.1/../../../../arm-none-eabi/lib/thumb/v7e-m/fpv4-sp/hard\libc_nano.a(lib_a-memcpy-stub.o)
                0x0000c288                memcpy
 .text.memset   0x0000c29e       0x10 c:/users/caden kraft/.platformio/packages/toolchain-gccarmnoneeabi/bin/../lib/gcc/arm-none-eabi/7.2.1/../../../../arm-none-eabi/lib/thumb/v7e-m/fpv4-sp/hard\libc_nano.a(lib_a-memset.o)
                0x0000c29e                memset
 *fill*         0x0000c2ae        0x2 ff
 .text._free_r  0x0000c2b0       0x9c c:/users/caden kraft/.platformio/packages/toolchain-gccarmnoneeabi/bin/../lib/gcc/arm-none-eabi/7.2.1/../../../../arm-none-eabi/lib/thumb/v7e-m/fpv4-sp/hard\libc_nano.a(lib_a-nano-freer.o)
                0x0000c2b0                _free_r
 .text._malloc_r
                0x0000c34c       0xb4 c:/users/caden kraft/.platformio/packages/toolchain-gccarmnoneeabi/bin/../lib/gcc/arm-none-eabi/7.2.1/../../../../arm-none-eabi/lib/thumb/v7e-m/fpv4-sp/hard\libc_nano.a(lib_a-nano-mallocr.o)
                0x0000c34c                _malloc_r
 .text.printf   0x0000c400       0x30 c:/users/caden kraft/.platformio/packages/toolchain-gccarmnoneeabi/bin/../lib/gcc/arm-none-eabi/7.2.1/../../../../arm-none-eabi/lib/thumb/v7e-m/fpv4-sp/hard\libc_nano.a(lib_a-printf.o)
                0x0000c400                iprintf
                0x0000c400                printf
 .text._sbrk_r  0x0000c430       0x20 c:/users/caden kraft/.platformio/packages/toolchain-gccarmnoneeabi/bin/../lib/gcc/arm-none-eabi/7.2.1/../../../../arm-none-eabi/lib/thumb/v7e-m/fpv4-sp/hard\libc_nano.a(lib_a-sbrkr.o)
                0x0000c430                _sbrk_r
 .text._raise_r
                0x0000c450       0x50 c:/users/caden kraft/.platformio/packages/toolchain-gccarmnoneeabi/bin/../lib/gcc/arm-none-eabi/7.2.1/../../../../arm-none-eabi/lib/thumb/v7e-m/fpv4-sp/hard\libc_nano.a(lib_a-signal.o)
                0x0000c450                _raise_r
 .text.raise    0x0000c4a0       0x10 c:/users/caden kraft/.platformio/packages/toolchain-gccarmnoneeabi/bin/../lib/gcc/arm-none-eabi/7.2.1/../../../../arm-none-eabi/lib/thumb/v7e-m/fpv4-sp/hard\libc_nano.a(lib_a-signal.o)
                0x0000c4a0                raise
 .text._kill_r  0x0000c4b0       0x24 c:/users/caden kraft/.platformio/packages/toolchain-gccarmnoneeabi/bin/../lib/gcc/arm-none-eabi/7.2.1/../../../../arm-none-eabi/lib/thumb/v7e-m/fpv4-sp/hard\libc_nano.a(lib_a-signalr.o)
                0x0000c4b0                _kill_r
 .text._getpid_r
                0x0000c4d4        0x4 c:/users/caden kraft/.platformio/packages/toolchain-gccarmnoneeabi/bin/../lib/gcc/arm-none-eabi/7.2.1/../../../../arm-none-eabi/lib/thumb/v7e-m/fpv4-sp/hard\libc_nano.a(lib_a-signalr.o)
                0x0000c4d4                _getpid_r
 .text.sprintf  0x0000c4d8       0x40 c:/users/caden kraft/.platformio/packages/toolchain-gccarmnoneeabi/bin/../lib/gcc/arm-none-eabi/7.2.1/../../../../arm-none-eabi/lib/thumb/v7e-m/fpv4-sp/hard\libc_nano.a(lib_a-sprintf.o)
                0x0000c4d8                siprintf
                0x0000c4d8                sprintf
 .text          0x0000c518       0x10 c:/users/caden kraft/.platformio/packages/toolchain-gccarmnoneeabi/bin/../lib/gcc/arm-none-eabi/7.2.1/../../../../arm-none-eabi/lib/thumb/v7e-m/fpv4-sp/hard\libc_nano.a(lib_a-strlen.o)
                0x0000c518                strlen
 .text.std      0x0000c528       0x48 c:/users/caden kraft/.platformio/packages/toolchain-gccarmnoneeabi/bin/../lib/gcc/arm-none-eabi/7.2.1/../../../../arm-none-eabi/lib/thumb/v7e-m/fpv4-sp/hard\libc_nano.a(lib_a-findfp.o)
 .text._cleanup_r
                0x0000c570        0xc c:/users/caden kraft/.platformio/packages/toolchain-gccarmnoneeabi/bin/../lib/gcc/arm-none-eabi/7.2.1/../../../../arm-none-eabi/lib/thumb/v7e-m/fpv4-sp/hard\libc_nano.a(lib_a-findfp.o)
                0x0000c570                _cleanup_r
 .text.__sfmoreglue
                0x0000c57c       0x2c c:/users/caden kraft/.platformio/packages/toolchain-gccarmnoneeabi/bin/../lib/gcc/arm-none-eabi/7.2.1/../../../../arm-none-eabi/lib/thumb/v7e-m/fpv4-sp/hard\libc_nano.a(lib_a-findfp.o)
                0x0000c57c                __sfmoreglue
 .text.__sinit  0x0000c5a8       0x60 c:/users/caden kraft/.platformio/packages/toolchain-gccarmnoneeabi/bin/../lib/gcc/arm-none-eabi/7.2.1/../../../../arm-none-eabi/lib/thumb/v7e-m/fpv4-sp/hard\libc_nano.a(lib_a-findfp.o)
                0x0000c5a8                __sinit
 .text.__sfp    0x0000c608       0x78 c:/users/caden kraft/.platformio/packages/toolchain-gccarmnoneeabi/bin/../lib/gcc/arm-none-eabi/7.2.1/../../../../arm-none-eabi/lib/thumb/v7e-m/fpv4-sp/hard\libc_nano.a(lib_a-findfp.o)
                0x0000c608                __sfp
 .text._fwalk_reent
                0x0000c680       0x3c c:/users/caden kraft/.platformio/packages/toolchain-gccarmnoneeabi/bin/../lib/gcc/arm-none-eabi/7.2.1/../../../../arm-none-eabi/lib/thumb/v7e-m/fpv4-sp/hard\libc_nano.a(lib_a-fwalk.o)
                0x0000c680                _fwalk_reent
 .text.__malloc_lock
                0x0000c6bc        0x2 c:/users/caden kraft/.platformio/packages/toolchain-gccarmnoneeabi/bin/../lib/gcc/arm-none-eabi/7.2.1/../../../../arm-none-eabi/lib/thumb/v7e-m/fpv4-sp/hard\libc_nano.a(lib_a-mlock.o)
                0x0000c6bc                __malloc_lock
 .text.__malloc_unlock
                0x0000c6be        0x2 c:/users/caden kraft/.platformio/packages/toolchain-gccarmnoneeabi/bin/../lib/gcc/arm-none-eabi/7.2.1/../../../../arm-none-eabi/lib/thumb/v7e-m/fpv4-sp/hard\libc_nano.a(lib_a-mlock.o)
                0x0000c6be                __malloc_unlock
 .text.__ssputs_r
                0x0000c6c0       0xb4 c:/users/caden kraft/.platformio/packages/toolchain-gccarmnoneeabi/bin/../lib/gcc/arm-none-eabi/7.2.1/../../../../arm-none-eabi/lib/thumb/v7e-m/fpv4-sp/hard\libc_nano.a(lib_a-nano-svfprintf.o)
                0x0000c6c0                __ssputs_r
 .text._svfprintf_r
                0x0000c774      0x1ec c:/users/caden kraft/.platformio/packages/toolchain-gccarmnoneeabi/bin/../lib/gcc/arm-none-eabi/7.2.1/../../../../arm-none-eabi/lib/thumb/v7e-m/fpv4-sp/hard\libc_nano.a(lib_a-nano-svfprintf.o)
                0x0000c774                _svfiprintf_r
                0x0000c774                _svfprintf_r
 .text.__sfputc_r
                0x0000c960       0x2e c:/users/caden kraft/.platformio/packages/toolchain-gccarmnoneeabi/bin/../lib/gcc/arm-none-eabi/7.2.1/../../../../arm-none-eabi/lib/thumb/v7e-m/fpv4-sp/hard\libc_nano.a(lib_a-nano-vfprintf.o)
 .text.__sfputs_r
                0x0000c98e       0x24 c:/users/caden kraft/.platformio/packages/toolchain-gccarmnoneeabi/bin/../lib/gcc/arm-none-eabi/7.2.1/../../../../arm-none-eabi/lib/thumb/v7e-m/fpv4-sp/hard\libc_nano.a(lib_a-nano-vfprintf.o)
                0x0000c98e                __sfputs_r
 *fill*         0x0000c9b2        0x2 ff
 .text._vfprintf_r
                0x0000c9b4      0x228 c:/users/caden kraft/.platformio/packages/toolchain-gccarmnoneeabi/bin/../lib/gcc/arm-none-eabi/7.2.1/../../../../arm-none-eabi/lib/thumb/v7e-m/fpv4-sp/hard\libc_nano.a(lib_a-nano-vfprintf.o)
                0x0000c9b4                _vfprintf_r
                0x0000c9b4                _vfiprintf_r
 .text._printf_common
                0x0000cbdc       0xea c:/users/caden kraft/.platformio/packages/toolchain-gccarmnoneeabi/bin/../lib/gcc/arm-none-eabi/7.2.1/../../../../arm-none-eabi/lib/thumb/v7e-m/fpv4-sp/hard\libc_nano.a(lib_a-nano-vfprintf_i.o)
                0x0000cbdc                _printf_common
 *fill*         0x0000ccc6        0x2 ff
 .text._printf_i
                0x0000ccc8      0x224 c:/users/caden kraft/.platformio/packages/toolchain-gccarmnoneeabi/bin/../lib/gcc/arm-none-eabi/7.2.1/../../../../arm-none-eabi/lib/thumb/v7e-m/fpv4-sp/hard\libc_nano.a(lib_a-nano-vfprintf_i.o)
                0x0000ccc8                _printf_i
 .text.__sread  0x0000ceec       0x22 c:/users/caden kraft/.platformio/packages/toolchain-gccarmnoneeabi/bin/../lib/gcc/arm-none-eabi/7.2.1/../../../../arm-none-eabi/lib/thumb/v7e-m/fpv4-sp/hard\libc_nano.a(lib_a-stdio.o)
                0x0000ceec                __sread
 .text.__swrite
                0x0000cf0e       0x38 c:/users/caden kraft/.platformio/packages/toolchain-gccarmnoneeabi/bin/../lib/gcc/arm-none-eabi/7.2.1/../../../../arm-none-eabi/lib/thumb/v7e-m/fpv4-sp/hard\libc_nano.a(lib_a-stdio.o)
                0x0000cf0e                __swrite
 .text.__sseek  0x0000cf46       0x24 c:/users/caden kraft/.platformio/packages/toolchain-gccarmnoneeabi/bin/../lib/gcc/arm-none-eabi/7.2.1/../../../../arm-none-eabi/lib/thumb/v7e-m/fpv4-sp/hard\libc_nano.a(lib_a-stdio.o)
                0x0000cf46                __sseek
 .text.__sclose
                0x0000cf6a        0x8 c:/users/caden kraft/.platformio/packages/toolchain-gccarmnoneeabi/bin/../lib/gcc/arm-none-eabi/7.2.1/../../../../arm-none-eabi/lib/thumb/v7e-m/fpv4-sp/hard\libc_nano.a(lib_a-stdio.o)
                0x0000cf6a                __sclose
 *fill*         0x0000cf72        0x2 ff
 .text.__swbuf_r
                0x0000cf74       0xa4 c:/users/caden kraft/.platformio/packages/toolchain-gccarmnoneeabi/bin/../lib/gcc/arm-none-eabi/7.2.1/../../../../arm-none-eabi/lib/thumb/v7e-m/fpv4-sp/hard\libc_nano.a(lib_a-wbuf.o)
                0x0000cf74                __swbuf_r
 .text._write_r
                0x0000d018       0x24 c:/users/caden kraft/.platformio/packages/toolchain-gccarmnoneeabi/bin/../lib/gcc/arm-none-eabi/7.2.1/../../../../arm-none-eabi/lib/thumb/v7e-m/fpv4-sp/hard\libc_nano.a(lib_a-writer.o)
                0x0000d018                _write_r
 .text.__swsetup_r
                0x0000d03c       0xdc c:/users/caden kraft/.platformio/packages/toolchain-gccarmnoneeabi/bin/../lib/gcc/arm-none-eabi/7.2.1/../../../../arm-none-eabi/lib/thumb/v7e-m/fpv4-sp/hard\libc_nano.a(lib_a-wsetup.o)
                0x0000d03c                __swsetup_r
 .text._close_r
                0x0000d118       0x20 c:/users/caden kraft/.platformio/packages/toolchain-gccarmnoneeabi/bin/../lib/gcc/arm-none-eabi/7.2.1/../../../../arm-none-eabi/lib/thumb/v7e-m/fpv4-sp/hard\libc_nano.a(lib_a-closer.o)
                0x0000d118                _close_r
 .text.__sflush_r
                0x0000d138      0x10c c:/users/caden kraft/.platformio/packages/toolchain-gccarmnoneeabi/bin/../lib/gcc/arm-none-eabi/7.2.1/../../../../arm-none-eabi/lib/thumb/v7e-m/fpv4-sp/hard\libc_nano.a(lib_a-fflush.o)
                0x0000d138                __sflush_r
 .text._fflush_r
                0x0000d244       0x54 c:/users/caden kraft/.platformio/packages/toolchain-gccarmnoneeabi/bin/../lib/gcc/arm-none-eabi/7.2.1/../../../../arm-none-eabi/lib/thumb/v7e-m/fpv4-sp/hard\libc_nano.a(lib_a-fflush.o)
                0x0000d244                _fflush_r
 .text._lseek_r
                0x0000d298       0x24 c:/users/caden kraft/.platformio/packages/toolchain-gccarmnoneeabi/bin/../lib/gcc/arm-none-eabi/7.2.1/../../../../arm-none-eabi/lib/thumb/v7e-m/fpv4-sp/hard\libc_nano.a(lib_a-lseekr.o)
                0x0000d298                _lseek_r
 .text.__swhatbuf_r
                0x0000d2bc       0x48 c:/users/caden kraft/.platformio/packages/toolchain-gccarmnoneeabi/bin/../lib/gcc/arm-none-eabi/7.2.1/../../../../arm-none-eabi/lib/thumb/v7e-m/fpv4-sp/hard\libc_nano.a(lib_a-makebuf.o)
                0x0000d2bc                __swhatbuf_r
 .text.__smakebuf_r
                0x0000d304       0x80 c:/users/caden kraft/.platformio/packages/toolchain-gccarmnoneeabi/bin/../lib/gcc/arm-none-eabi/7.2.1/../../../../arm-none-eabi/lib/thumb/v7e-m/fpv4-sp/hard\libc_nano.a(lib_a-makebuf.o)
                0x0000d304                __smakebuf_r
 *fill*         0x0000d384        0xc ff
 .text          0x0000d390       0xa0 c:/users/caden kraft/.platformio/packages/toolchain-gccarmnoneeabi/bin/../lib/gcc/arm-none-eabi/7.2.1/../../../../arm-none-eabi/lib/thumb/v7e-m/fpv4-sp/hard\libc_nano.a(lib_a-memchr.o)
                0x0000d390                memchr
 .text.memmove  0x0000d430       0x32 c:/users/caden kraft/.platformio/packages/toolchain-gccarmnoneeabi/bin/../lib/gcc/arm-none-eabi/7.2.1/../../../../arm-none-eabi/lib/thumb/v7e-m/fpv4-sp/hard\libc_nano.a(lib_a-memmove.o)
                0x0000d430                memmove
 .text._realloc_r
                0x0000d462       0x4c c:/users/caden kraft/.platformio/packages/toolchain-gccarmnoneeabi/bin/../lib/gcc/arm-none-eabi/7.2.1/../../../../arm-none-eabi/lib/thumb/v7e-m/fpv4-sp/hard\libc_nano.a(lib_a-nano-reallocr.o)
                0x0000d462                _realloc_r
 *fill*         0x0000d4ae        0x2 ff
 .text._read_r  0x0000d4b0       0x24 c:/users/caden kraft/.platformio/packages/toolchain-gccarmnoneeabi/bin/../lib/gcc/arm-none-eabi/7.2.1/../../../../arm-none-eabi/lib/thumb/v7e-m/fpv4-sp/hard\libc_nano.a(lib_a-readr.o)
                0x0000d4b0                _read_r
 .text._fstat_r
                0x0000d4d4       0x24 c:/users/caden kraft/.platformio/packages/toolchain-gccarmnoneeabi/bin/../lib/gcc/arm-none-eabi/7.2.1/../../../../arm-none-eabi/lib/thumb/v7e-m/fpv4-sp/hard\libc_nano.a(lib_a-fstatr.o)
                0x0000d4d4                _fstat_r
 .text._isatty_r
                0x0000d4f8       0x20 c:/users/caden kraft/.platformio/packages/toolchain-gccarmnoneeabi/bin/../lib/gcc/arm-none-eabi/7.2.1/../../../../arm-none-eabi/lib/thumb/v7e-m/fpv4-sp/hard\libc_nano.a(lib_a-isattyr.o)
                0x0000d4f8                _isatty_r
 .text._malloc_usable_size_r
                0x0000d518       0x10 c:/users/caden kraft/.platformio/packages/toolchain-gccarmnoneeabi/bin/../lib/gcc/arm-none-eabi/7.2.1/../../../../arm-none-eabi/lib/thumb/v7e-m/fpv4-sp/hard\libc_nano.a(lib_a-nano-msizer.o)
                0x0000d518                _malloc_usable_size_r
 .text._close   0x0000d528       0x10 c:/users/caden kraft/.platformio/packages/toolchain-gccarmnoneeabi/bin/../lib/gcc/arm-none-eabi/7.2.1/../../../../arm-none-eabi/lib/thumb/v7e-m/fpv4-sp/hard\libnosys.a(close.o)
                0x0000d528                _close
 .text._fstat   0x0000d538       0x10 c:/users/caden kraft/.platformio/packages/toolchain-gccarmnoneeabi/bin/../lib/gcc/arm-none-eabi/7.2.1/../../../../arm-none-eabi/lib/thumb/v7e-m/fpv4-sp/hard\libnosys.a(fstat.o)
                0x0000d538                _fstat
 .text._getpid  0x0000d548       0x10 c:/users/caden kraft/.platformio/packages/toolchain-gccarmnoneeabi/bin/../lib/gcc/arm-none-eabi/7.2.1/../../../../arm-none-eabi/lib/thumb/v7e-m/fpv4-sp/hard\libnosys.a(getpid.o)
                0x0000d548                _getpid
 .text._isatty  0x0000d558       0x10 c:/users/caden kraft/.platformio/packages/toolchain-gccarmnoneeabi/bin/../lib/gcc/arm-none-eabi/7.2.1/../../../../arm-none-eabi/lib/thumb/v7e-m/fpv4-sp/hard\libnosys.a(isatty.o)
                0x0000d558                _isatty
 .text._kill    0x0000d568       0x10 c:/users/caden kraft/.platformio/packages/toolchain-gccarmnoneeabi/bin/../lib/gcc/arm-none-eabi/7.2.1/../../../../arm-none-eabi/lib/thumb/v7e-m/fpv4-sp/hard\libnosys.a(kill.o)
                0x0000d568                _kill
 .text._lseek   0x0000d578       0x10 c:/users/caden kraft/.platformio/packages/toolchain-gccarmnoneeabi/bin/../lib/gcc/arm-none-eabi/7.2.1/../../../../arm-none-eabi/lib/thumb/v7e-m/fpv4-sp/hard\libnosys.a(lseek.o)
                0x0000d578                _lseek
 .text._read    0x0000d588       0x10 c:/users/caden kraft/.platformio/packages/toolchain-gccarmnoneeabi/bin/../lib/gcc/arm-none-eabi/7.2.1/../../../../arm-none-eabi/lib/thumb/v7e-m/fpv4-sp/hard\libnosys.a(read.o)
                0x0000d588                _read
 .text._sbrk    0x0000d598       0x1c c:/users/caden kraft/.platformio/packages/toolchain-gccarmnoneeabi/bin/../lib/gcc/arm-none-eabi/7.2.1/../../../../arm-none-eabi/lib/thumb/v7e-m/fpv4-sp/hard\libnosys.a(sbrk.o)
                0x0000d598                _sbrk
 .text._exit    0x0000d5b4        0x4 c:/users/caden kraft/.platformio/packages/toolchain-gccarmnoneeabi/bin/../lib/gcc/arm-none-eabi/7.2.1/../../../../arm-none-eabi/lib/thumb/v7e-m/fpv4-sp/hard\libnosys.a(_exit.o)
                0x0000d5b4                _exit
 *(.version)
 .version       0x0000d5b8       0x50 C:\Users\Caden Kraft\.platformio\packages\framework-arduinorenesas-uno\variants\UNOWIFIR4\libs\libfsp.a(bsp_common.o)
 *(.init)
 .init          0x0000d608        0x4 c:/users/caden kraft/.platformio/packages/toolchain-gccarmnoneeabi/bin/../lib/gcc/arm-none-eabi/7.2.1/thumb/v7e-m/fpv4-sp/hard/crti.o
                0x0000d608                _init
 .init          0x0000d60c        0x8 c:/users/caden kraft/.platformio/packages/toolchain-gccarmnoneeabi/bin/../lib/gcc/arm-none-eabi/7.2.1/thumb/v7e-m/fpv4-sp/hard/crtn.o
 *(.fini)
 .fini          0x0000d614        0x4 c:/users/caden kraft/.platformio/packages/toolchain-gccarmnoneeabi/bin/../lib/gcc/arm-none-eabi/7.2.1/thumb/v7e-m/fpv4-sp/hard/crti.o
                0x0000d614                _fini
 .fini          0x0000d618        0x8 c:/users/caden kraft/.platformio/packages/toolchain-gccarmnoneeabi/bin/../lib/gcc/arm-none-eabi/7.2.1/thumb/v7e-m/fpv4-sp/hard/crtn.o
 *crtbegin.o(.ctors)
 *crtbegin?.o(.ctors)
 *(EXCLUDE_FILE(*crtend.o *crtend?.o) .ctors)
 *(SORT_BY_NAME(.ctors.*))
 *(.ctors)
 *crtbegin.o(.dtors)
 *crtbegin?.o(.dtors)
 *(EXCLUDE_FILE(*crtend.o *crtend?.o) .dtors)
 *(SORT_BY_NAME(.dtors.*))
 *(.dtors)
 *(.rodata*)
 .rodata._Z12moveToAnglesffff.str1.1
                0x0000d620       0x4a .pio\build\uno_r4_wifi\src\main.cpp.o
 .rodata._Z4homev.str1.1
                0x0000d66a       0x28 .pio\build\uno_r4_wifi\src\main.cpp.o
 *fill*         0x0000d692        0x2 ff
 .rodata._ZL9waypoints
                0x0000d694      0x140 .pio\build\uno_r4_wifi\src\main.cpp.o
 .rodata.loop.str1.1
                0x0000d7d4       0x3d .pio\build\uno_r4_wifi\src\main.cpp.o
 *fill*         0x0000d811        0x3 ff
 .rodata._ZTV12AccelStepper
                0x0000d814       0x40 .pio\build\uno_r4_wifi\lib1ab\libAccelStepper.a(AccelStepper.cpp.o)
                0x0000d814                vtable for AccelStepper
 .rodata._ZTV4UART
                0x0000d854       0x34 .pio\build\uno_r4_wifi\libFrameworkArduino.a(Serial.cpp.o)
                0x0000d854                vtable for UART
 .rodata._ZN7arduino5Print7printlnEv.str1.1
                0x0000d888        0x3 .pio\build\uno_r4_wifi\libFrameworkArduino.a(Print.cpp.o)
 .rodata        0x0000d88b        0xd .pio\build\uno_r4_wifi\libFrameworkArduino.a(main.cpp.o)
 .rodata._Z12arduino_mainv.str1.1
                0x0000d898       0x10 .pio\build\uno_r4_wifi\libFrameworkArduino.a(main.cpp.o)
 .rodata.g_interrupt_event_link_select
                0x0000d8a8       0x20 .pio\build\uno_r4_wifi\libFrameworkArduino.a(vector_table.c.o)
                0x0000d8a8                g_interrupt_event_link_select
 .rodata.CSWTCH.44
                0x0000d8c8        0x6 .pio\build\uno_r4_wifi\libFrameworkArduino.a(analog.cpp.o)
 .rodata.CSWTCH.72
                0x0000d8ce        0x5 .pio\build\uno_r4_wifi\libFrameworkArduino.a(analog.cpp.o)
 .rodata.__FUNCTION__.6535
                0x0000d8d3       0x13 .pio\build\uno_r4_wifi\libFrameworkArduino.a(cm_backtrace.c.o)
 .rodata.cm_backtrace_assert.str1.1
                0x0000d8e6       0x26 .pio\build\uno_r4_wifi\libFrameworkArduino.a(cm_backtrace.c.o)
                                 0x28 (size before relaxing)
 .rodata.cm_backtrace_fault.str1.1
                0x0000d90c      0x6ae .pio\build\uno_r4_wifi\libFrameworkArduino.a(cm_backtrace.c.o)
 .rodata.cm_backtrace_firmware_info.str1.1
                0x0000dfba       0x23 .pio\build\uno_r4_wifi\libFrameworkArduino.a(cm_backtrace.c.o)
 .rodata.cm_backtrace_init.str1.1
                0x0000dfdd       0x62 .pio\build\uno_r4_wifi\libFrameworkArduino.a(cm_backtrace.c.o)
 .rodata.dump_stack.str1.1
                0x0000e03f       0x65 .pio\build\uno_r4_wifi\libFrameworkArduino.a(cm_backtrace.c.o)
                                 0x8d (size before relaxing)
 .rodata.print_call_stack.str1.1
                0x0000e0a4       0x65 .pio\build\uno_r4_wifi\libFrameworkArduino.a(cm_backtrace.c.o)
 .rodata.str1.1
                0x0000e109       0x20 .pio\build\uno_r4_wifi\libFrameworkArduino.a(cm_backtrace.c.o)
 *fill*         0x0000e129        0x3 ff
 .rodata.g_async_baud
                0x0000e12c        0xd C:\Users\Caden Kraft\.platformio\packages\framework-arduinorenesas-uno\variants\UNOWIFIR4\libs\libfsp.a(r_sci_uart.o)
 *fill*         0x0000e139        0x3 ff
 .rodata.g_div_coefficient
                0x0000e13c       0x1a C:\Users\Caden Kraft\.platformio\packages\framework-arduinorenesas-uno\variants\UNOWIFIR4\libs\libfsp.a(r_sci_uart.o)
 *fill*         0x0000e156        0x2 ff
 .rodata.adc_elc_trigger_lut
                0x0000e158        0xc C:\Users\Caden Kraft\.platformio\packages\framework-arduinorenesas-uno\variants\UNOWIFIR4\libs\libfsp.a(r_adc.o)
 .rodata.g_prcr_masks
                0x0000e164        0x8 C:\Users\Caden Kraft\.platformio\packages\framework-arduinorenesas-uno\variants\UNOWIFIR4\libs\libfsp.a(bsp_register_protection.o)
 .rodata._ZL4P000
                0x0000e16c        0x4 .pio\build\uno_r4_wifi\libFrameworkArduinoVariant.a(variant.cpp.o)
 .rodata._ZL4P001
                0x0000e170        0x4 .pio\build\uno_r4_wifi\libFrameworkArduinoVariant.a(variant.cpp.o)
 .rodata._ZL4P002
                0x0000e174        0x4 .pio\build\uno_r4_wifi\libFrameworkArduinoVariant.a(variant.cpp.o)
 .rodata._ZL4P003
                0x0000e178        0x2 .pio\build\uno_r4_wifi\libFrameworkArduinoVariant.a(variant.cpp.o)
 .rodata._ZL4P004
                0x0000e17a        0x4 .pio\build\uno_r4_wifi\libFrameworkArduinoVariant.a(variant.cpp.o)
 .rodata._ZL4P011
                0x0000e17e        0x4 .pio\build\uno_r4_wifi\libFrameworkArduinoVariant.a(variant.cpp.o)
 .rodata._ZL4P012
                0x0000e182        0x2 .pio\build\uno_r4_wifi\libFrameworkArduinoVariant.a(variant.cpp.o)
 .rodata._ZL4P013
                0x0000e184        0x2 .pio\build\uno_r4_wifi\libFrameworkArduinoVariant.a(variant.cpp.o)
 .rodata._ZL4P015
                0x0000e186        0x4 .pio\build\uno_r4_wifi\libFrameworkArduinoVariant.a(variant.cpp.o)
 .rodata._ZL4P100
                0x0000e18a        0xe .pio\build\uno_r4_wifi\libFrameworkArduinoVariant.a(variant.cpp.o)
 .rodata._ZL4P101
                0x0000e198        0xe .pio\build\uno_r4_wifi\libFrameworkArduinoVariant.a(variant.cpp.o)
 .rodata._ZL4P102
                0x0000e1a6        0xc .pio\build\uno_r4_wifi\libFrameworkArduinoVariant.a(variant.cpp.o)
 .rodata._ZL4P103
                0x0000e1b2        0x8 .pio\build\uno_r4_wifi\libFrameworkArduinoVariant.a(variant.cpp.o)
 .rodata._ZL4P104
                0x0000e1ba        0x6 .pio\build\uno_r4_wifi\libFrameworkArduinoVariant.a(variant.cpp.o)
 .rodata._ZL4P105
                0x0000e1c0        0x4 .pio\build\uno_r4_wifi\libFrameworkArduinoVariant.a(variant.cpp.o)
 .rodata._ZL4P106
                0x0000e1c4        0x2 .pio\build\uno_r4_wifi\libFrameworkArduinoVariant.a(variant.cpp.o)
 .rodata._ZL4P107
                0x0000e1c6        0x2 .pio\build\uno_r4_wifi\libFrameworkArduinoVariant.a(variant.cpp.o)
 .rodata._ZL4P109
                0x0000e1c8        0xa .pio\build\uno_r4_wifi\libFrameworkArduinoVariant.a(variant.cpp.o)
 .rodata._ZL4P110
                0x0000e1d2        0xc .pio\build\uno_r4_wifi\libFrameworkArduinoVariant.a(variant.cpp.o)
 .rodata._ZL4P111
                0x0000e1de        0xa .pio\build\uno_r4_wifi\libFrameworkArduinoVariant.a(variant.cpp.o)
 .rodata._ZL4P112
                0x0000e1e8        0x6 .pio\build\uno_r4_wifi\libFrameworkArduinoVariant.a(variant.cpp.o)
 .rodata._ZL4P204
                0x0000e1ee        0xa .pio\build\uno_r4_wifi\libFrameworkArduinoVariant.a(variant.cpp.o)
 .rodata._ZL4P205
                0x0000e1f8        0xa .pio\build\uno_r4_wifi\libFrameworkArduinoVariant.a(variant.cpp.o)
 .rodata._ZL4P206
                0x0000e202        0x6 .pio\build\uno_r4_wifi\libFrameworkArduinoVariant.a(variant.cpp.o)
 .rodata._ZL4P212
                0x0000e208        0x6 .pio\build\uno_r4_wifi\libFrameworkArduinoVariant.a(variant.cpp.o)
 .rodata._ZL4P213
                0x0000e20e        0x6 .pio\build\uno_r4_wifi\libFrameworkArduinoVariant.a(variant.cpp.o)
 .rodata._ZL4P301
                0x0000e214        0x8 .pio\build\uno_r4_wifi\libFrameworkArduinoVariant.a(variant.cpp.o)
 .rodata._ZL4P302
                0x0000e21c        0x6 .pio\build\uno_r4_wifi\libFrameworkArduinoVariant.a(variant.cpp.o)
 .rodata._ZL4P303
                0x0000e222        0x2 .pio\build\uno_r4_wifi\libFrameworkArduinoVariant.a(variant.cpp.o)
 .rodata._ZL4P304
                0x0000e224        0x4 .pio\build\uno_r4_wifi\libFrameworkArduinoVariant.a(variant.cpp.o)
 .rodata._ZL4P401
                0x0000e228        0xa .pio\build\uno_r4_wifi\libFrameworkArduinoVariant.a(variant.cpp.o)
 .rodata._ZL4P410
                0x0000e232        0x8 .pio\build\uno_r4_wifi\libFrameworkArduinoVariant.a(variant.cpp.o)
 .rodata._ZL4P411
                0x0000e23a        0x8 .pio\build\uno_r4_wifi\libFrameworkArduinoVariant.a(variant.cpp.o)
 .rodata._ZL4P500
                0x0000e242        0x4 .pio\build\uno_r4_wifi\libFrameworkArduinoVariant.a(variant.cpp.o)
 .rodata._ZL4P501
                0x0000e246        0x8 .pio\build\uno_r4_wifi\libFrameworkArduinoVariant.a(variant.cpp.o)
 .rodata._ZL4P502
                0x0000e24e        0x8 .pio\build\uno_r4_wifi\libFrameworkArduinoVariant.a(variant.cpp.o)
 .rodata._ZL6P014_b
                0x0000e256        0x4 .pio\build\uno_r4_wifi\libFrameworkArduinoVariant.a(variant.cpp.o)
 .rodata._ZL6P400_b
                0x0000e25a        0x8 .pio\build\uno_r4_wifi\libFrameworkArduinoVariant.a(variant.cpp.o)
 .rodata._ZL6P408_b
                0x0000e262        0x8 .pio\build\uno_r4_wifi\libFrameworkArduinoVariant.a(variant.cpp.o)
 *fill*         0x0000e26a        0x2 ff
 .rodata.g_pin_cfg
                0x0000e26c      0x138 .pio\build\uno_r4_wifi\libFrameworkArduinoVariant.a(variant.cpp.o)
                0x0000e26c                g_pin_cfg
 .rodata.sqrt.str1.4
                0x0000e3a4        0x8 c:/users/caden kraft/.platformio/packages/toolchain-gccarmnoneeabi/bin/../lib/gcc/arm-none-eabi/7.2.1/../../../../arm-none-eabi/lib/thumb/v7e-m/fpv4-sp/hard\libm.a(lib_a-w_sqrt.o)
                                  0x5 (size before relaxing)
 .rodata._global_impure_ptr
                0x0000e3ac        0x4 c:/users/caden kraft/.platformio/packages/toolchain-gccarmnoneeabi/bin/../lib/gcc/arm-none-eabi/7.2.1/../../../../arm-none-eabi/lib/thumb/v7e-m/fpv4-sp/hard\libc_nano.a(lib_a-impure.o)
                0x0000e3ac                _global_impure_ptr
 .rodata.__sf_fake_stderr
                0x0000e3b0       0x20 c:/users/caden kraft/.platformio/packages/toolchain-gccarmnoneeabi/bin/../lib/gcc/arm-none-eabi/7.2.1/../../../../arm-none-eabi/lib/thumb/v7e-m/fpv4-sp/hard\libc_nano.a(lib_a-findfp.o)
                0x0000e3b0                __sf_fake_stderr
 .rodata.__sf_fake_stdin
                0x0000e3d0       0x20 c:/users/caden kraft/.platformio/packages/toolchain-gccarmnoneeabi/bin/../lib/gcc/arm-none-eabi/7.2.1/../../../../arm-none-eabi/lib/thumb/v7e-m/fpv4-sp/hard\libc_nano.a(lib_a-findfp.o)
                0x0000e3d0                __sf_fake_stdin
 .rodata.__sf_fake_stdout
                0x0000e3f0       0x20 c:/users/caden kraft/.platformio/packages/toolchain-gccarmnoneeabi/bin/../lib/gcc/arm-none-eabi/7.2.1/../../../../arm-none-eabi/lib/thumb/v7e-m/fpv4-sp/hard\libc_nano.a(lib_a-findfp.o)
                0x0000e3f0                __sf_fake_stdout
 .rodata._svfprintf_r.str1.1
                0x0000e410       0x11 c:/users/caden kraft/.platformio/packages/toolchain-gccarmnoneeabi/bin/../lib/gcc/arm-none-eabi/7.2.1/../../../../arm-none-eabi/lib/thumb/v7e-m/fpv4-sp/hard\libc_nano.a(lib_a-nano-svfprintf.o)
 .rodata._vfprintf_r.str1.1
                0x0000e421       0x11 c:/users/caden kraft/.platformio/packages/toolchain-gccarmnoneeabi/bin/../lib/gcc/arm-none-eabi/7.2.1/../../../../arm-none-eabi/lib/thumb/v7e-m/fpv4-sp/hard\libc_nano.a(lib_a-nano-vfprintf.o)
 .rodata._printf_i.str1.1
                0x0000e421       0x22 c:/users/caden kraft/.platformio/packages/toolchain-gccarmnoneeabi/bin/../lib/gcc/arm-none-eabi/7.2.1/../../../../arm-none-eabi/lib/thumb/v7e-m/fpv4-sp/hard\libc_nano.a(lib_a-nano-vfprintf_i.o)
 *(.eh_frame*)
 *fill*         0x0000e443        0x1 ff
 .eh_frame      0x0000e444        0x0 c:/users/caden kraft/.platformio/packages/toolchain-gccarmnoneeabi/bin/../lib/gcc/arm-none-eabi/7.2.1/thumb/v7e-m/fpv4-sp/hard/crtbegin.o
 .eh_frame      0x0000e444        0x4 c:/users/caden kraft/.platformio/packages/toolchain-gccarmnoneeabi/bin/../lib/gcc/arm-none-eabi/7.2.1/thumb/v7e-m/fpv4-sp/hard/crtend.o
                0x0000e448                __ROM_End = .
                0x000000c0                __Vectors_Size = (__Vectors_End - __Vectors)

.glue_7         0x0000e448        0x0
 .glue_7        0x0000e448        0x0 linker stubs

.glue_7t        0x0000e448        0x0
 .glue_7t       0x0000e448        0x0 linker stubs

.vfp11_veneer   0x0000e448        0x0
 .vfp11_veneer  0x0000e448        0x0 linker stubs

.v4_bx          0x0000e448        0x0
 .v4_bx         0x0000e448        0x0 linker stubs

.iplt           0x0000e448        0x0
 .iplt          0x0000e448        0x0 c:/users/caden kraft/.platformio/packages/toolchain-gccarmnoneeabi/bin/../lib/gcc/arm-none-eabi/7.2.1/thumb/v7e-m/fpv4-sp/hard/crtbegin.o

.ARM.extab
 *(.ARM.extab* .gnu.linkonce.armextab.*)
                0x0000e448                __exidx_start = .

.ARM.exidx      0x0000e448        0x8
 *(.ARM.exidx* .gnu.linkonce.armexidx.*)
 .ARM.exidx     0x0000e448        0x8 c:/users/caden kraft/.platformio/packages/toolchain-gccarmnoneeabi/bin/../lib/gcc/arm-none-eabi/7.2.1/thumb/v7e-m/fpv4-sp/hard\libgcc.a(_udivmoddi4.o)
                0x0000e450                __exidx_end = .
                0x0000e450                __etext = .
                0x20000000                __tz_RAM_S = ORIGIN (RAM)

.rel.dyn        0x0000e450        0x0
 .rel.iplt      0x0000e450        0x0 c:/users/caden kraft/.platformio/packages/toolchain-gccarmnoneeabi/bin/../lib/gcc/arm-none-eabi/7.2.1/thumb/v7e-m/fpv4-sp/hard/crtbegin.o

.fsp_dtc_vector_table
                0x20000000        0x0
                0x20000000                . = ORIGIN (RAM)
 *(.fsp_dtc_vector_table)

.data           0x20000000       0x94 load address 0x0000e450